spawn@mydebian:~/.ssh$ telnet 192.168.1.14 32769
Trying 192.168.1.14...
Connected to 192.168.1.14.
Escape character is '^]'.

% Please answer 'yes' or 'no'.
Would you like to enter the initial configuration dialog? [yes/no]: no


Press RETURN to get started!


*Mar  1 00:00:01.080: %ATA-6-DEV_FOUND: device 0x1F0
*Mar  1 00:00:09.709: %NVRAM-5-CONFIG_NVRAM_NOT_FOUND: NVRAM configuration 'flash:/nvram' could not be found on disk.
*Dec 18 07:23:54.780: %C3600-3-NOMAC: Can't allocate MAC address for interface 0/0
*Dec 18 07:23:54.961: %C3600-3-NOMAC: Can't allocate MAC address for interface 0/0
*Dec 18 07:23:56.740: %C3600-3-NOMAC: Can't allocate MAC address for interface 0/0
*Dec 18 07:24:04.859: %PA-3-PA_INIT_FAILED: Performance Agent failed to initialize (Missing Data License)
*Dec 18 07:24:10.701: %PNP-6-PNP_DISCOVERY_STARTED: PnP Discovery started
*Dec 18 07:24:10.707: %PNP-6-PNP_GOOD_UDI_UPDATE: Good UDI [PID:IOSv,VID:,SN:9BRRC6U3C09QQRGRQTDLO] identified via (platform-registry)
*Dec 18 07:24:10.707: %PNP-6-PNP_CDP_UPDATE: Device UDI [PID:IOSv,VID:,SN:9BRRC6U3C09QQRGRQTDLO] identified for CDP
*Dec 18 07:24:10.817: %LINK-3-UPDOWN: Interface GigabitEthernet0/0, changed state to up
*Dec 18 07:24:10.820: %LINK-3-UPDOWN: Interface GigabitEthernet0/1, changed state to up
*Dec 18 07:24:10.823: %LINK-3-UPDOWN: Interface GigabitEthernet0/2, changed state to up
*Dec 18 07:24:10.826: %LINK-3-UPDOWN: Interface GigabitEthernet0/3, changed state to up
*Dec 18 07:24:12.664: %LINEPROTO-5-UPDOWN: Line protocol on Interface GigabitEthernet0/0, changed state to up
*Dec 18 07:24:12.665: %LINEPROTO-5-UPDOWN: Line protocol on Interface GigabitEthernet0/1, changed state to up
*Dec 18 07:24:12.666: %LINEPROTO-5-UPDOWN: Line protocol on Interface GigabitEthernet0/2, changed state to up
*Dec 18 07:24:12.667: %LINEPROTO-5-UPDOWN: Line protocol on Interface GigabitEthernet0/3, changed state to up
*Dec 18 08:
-Traceback= 13148Bz 16079Ez 1604DBz 1602B8z 15A275z 15AE3Fz 41A07A7z 418AB1Ez 418E593z 572397Fz 51D8A44z 51E6E39z 51EB0D9z 51EAA87z 51E7429z 51854E5z - Process "Crypto CA", CPU hog, PC 0x00155F54
01:57.581: %LINK-5-CHANGED: Interface GigabitEthernet0/0, changed state to administratively down
*Dec 18 08:01:57.627: %LINK-5-CHANGED: Interface GigabitEthernet0/1, changed state to administratively down
*Dec 18 08:01:57.658: %LINK-5-CHANGED: Interface GigabitEthernet0/2, changed state to administratively down
*Dec 18 08:01:57.686: %LINK-5-CHANGED: Interface GigabitEthernet0/3, changed state to administratively down
*Dec 18 08:01:58.469: %IP-5-WEBINST_KILL: Terminating DNS process
*Dec 18 08:01:58.580: %LINEPROTO-5-UPDOWN: Line protocol on Interface GigabitEthernet0/0, changed state to down
*Dec 18 08:01:58.626: %LINEPROTO-5-UPDOWN: Line protocol on Interface GigabitEthernet0/1, changed state to down
*Dec 18 08:01:58.658: %LINEPROTO-5-UPDOWN: Line protocol on Interface GigabitEthernet0/2, changed state to down
*Dec 18 08:01:58.686: %LINEPROTO-5-UPDOWN: Line protocol on Interface GigabitEthernet0/3, changed state to down
*Dec 18 08:02:00.286: %SYS-5-RESTART: System restarted --
Cisco IOS Software, IOSv Software (VIOS-ADVENTERPRISEK9-M), Version 15.9(3)M2, RELEASE SOFTWARE (fc1)
Technical Support: http://www.cisco.com/techsupport
Copyright (c) 1986-2020 by Cisco Systems, Inc.
Compiled Tue 28-Jul-20 07:09 by prod_rel_team
*Dec 18 08:02:00.513: %CRYPTO-6-ISAKMP_ON_OFF: ISAKMP is OFF
*Dec 18 08:02:00.514: %CRYPTO-6-GDOI_ON_OFF: GDOI is OFF
*Dec 18 08:02:04.535: %PNP-6-PNP_BEST_UDI_UPDATE: Best UDI [PID:IOSv,VID:1.0,SN:9BRRC6U3C09QQRGRQTDLO] identified via (entity-mibs)
*Dec 18 08:02:04.539: %PNP-6-PNP_SAVING_TECH_SUMMARY: Saving PnP tech summary (/pnp-tech/pnp-tech-discovery-summary)... Please wait. Do not interrupt.
*Dec 18 08:02:22.587: %SYS-3-CPUHOG: Task is running for (1997)msecs, more than (2000)msecs (0/0),process = Crypto CA.
*Dec 18 08:02:24.636: %PNP-6-PNP_TECH_SUMMARY_SAVED_OK: PnP tech summary (/pnp-tech/pnp-tech-discovery-summary) saved successfully (elapsed time: 20 seconds).
*Dec 18 08:02:24.637: %PNP-6-PNP_DISCOVERY_STOPPED: PnP Discovery stopped (Config Wizard)
*Dec 18 08:02:40.657: %PLATFORM-5-SIGNATURE_VERIFIED: Image 'flash0:/vios-adventerprisek9-m' passed code signing verification
**************************************************************************
* IOSv is strictly limited to use for evaluation, demonstration and IOS  *
* education. IOSv is provided as-is and is not supported by Cisco's      *
* Technical Advisory Center. Any use or disclosure, in whole or in part, *
* of the IOSv Software or Documentation to any third party for any       *
* purposes is expressly prohibited except as otherwise authorized by     *
* Cisco in writing.                                                      *
**************************************************************************
Router>
Router>en
Router#conf t
Enter configuration commands, one per line.  End with CNTL/Z.
Router(config)#hostname R1
R1(config)#int gi 0/0
R1(config-if)#ip addres 
R1(config-if)#ip address 192.168.10.2 255.255.255.240
R1(config-if)#exit
R1(config)#int gi 0/1
R1(config-if)#ip address 10.1.30.1 255.255.255.0
R1(config-if)#exit
R1(config)#in gi 0/1                         
R1(config-if)#no shut
R1(config-if)#
*Dec 18 08:15:58.879: %LINK-3-UPDOWN: Interface GigabitEthernet0/1, changed state to up
*Dec 18 08:15:59.879: %LINEPROTO-5-UPDOWN: Line protocol on Interface GigabitEthernet0/1, changed state to up
R1(config-if)#

































R1 con0 is now available





Press RETURN to get started.













*Dec 18 08:26:03.789: %SYS-5-CONFIG_I: Configured from console by console
**************************************************************************
* IOSv is strictly limited to use for evaluation, demonstration and IOS  *
* education. IOSv is provided as-is and is not supported by Cisco's      *
* Technical Advisory Center. Any use or disclosure, in whole or in part, *
* of the IOSv Software or Documentation to any third party for any       *
* purposes is expressly prohibited except as otherwise authorized by     *
* Cisco in writing.                                                      *
**************************************************************************
R1>
R1>
R1>en
R1#conf t
Enter configuration commands, one per line.  End with CNTL/Z.
R1(config)#int lo0
R1(config-if)#ip add
*Dec 18 09:00:55.726: %LINEPROTO-5-UPDOWN: Line protocol on Interface Loopback0, changed state t      
% Incomplete command.

R1(config-if)#ip address 1.1.1.1/32
                                ^
% Invalid input detected at '^' marker.

R1(config-if)#ip address 1.1.1.1 255.255.255.255
R1(config-if)#exit
R1(config)#

































R1 con0 is now available





Press RETURN to get started.





*Dec 18 09:11:20.331: %SYS-5-CONFIG_I: Configured from console by console
**************************************************************************
* IOSv is strictly limited to use for evaluation, demonstration and IOS  *
* education. IOSv is provided as-is and is not supported by Cisco's      *
* Technical Advisory Center. Any use or disclosure, in whole or in part, *
* of the IOSv Software or Documentation to any third party for any       *
* purposes is expressly prohibited except as otherwise authorized by     *
* Cisco in writing.                                                      *
**************************************************************************
R1>
R1>
R1>
R1>
R1>
R1>en
R1#sho ip int bri
Interface                  IP-Address      OK? Method Status                Protocol
GigabitEthernet0/0         192.168.10.2    YES manual administratively down down    
GigabitEthernet0/1         10.1.30.1       YES manual up                    up      
GigabitEthernet0/2         unassigned      YES unset  administratively down down    
GigabitEthernet0/3         unassigned      YES unset  administratively down down    
Loopback0                  1.1.1.1         YES manual up                    up      
R1#conf t
Enter configuration commands, one per line.  End with CNTL/Z.
R1(config)#int GigabitEthernet0/0
R1(config-if)#enc
R1(config-if)#?  
Interface configuration commands:
  aaa                 Authentication, Authorization and Accounting.
  access-expression   Build a bridge boolean access expression
  arp                 Set arp type (arpa, probe, snap), timeout, log options or
                      packet priority
  backup              Modify backup parameters
  bandwidth           Set bandwidth informational parameter
  bfd                 BFD interface configuration commands
  bgp-policy          Apply policy propagated by bgp community string
  bridge-group        Transparent bridging interface parameters
  carrier-delay       Specify delay for interface transitions
  cdp                 CDP interface subcommands
  clns                CLNS interface subcommands
  cmns                OSI CMNS
  crypto              Encryption/Decryption commands
  cts                 Configure Cisco Trusted Security
  cws                 Configure Cloud Web Security
  dampening           Enable event dampening
  decnet              Interface DECnet config commands
  default             Set a command to its defaults
  delay               Specify interface throughput delay
  description         Interface specific description
  dlsw                DLSw interface subcommands
  domain              Specify a domain
  dot1q               dot1q interface configuration commands
  dspu                Down Stream PU
  duplex              Configure duplex operation.
  eou                 EAPoUDP Interface Configuration Commands
  ethernet            Ethernet interface parameters
  exit                Exit from interface configuration mode
  fhrp                Configure FHRP
  flow-sampler        Attach flow sampler to the interface
  fras                DLC Switch Interface Command
  glbp                Gateway Load Balancing Protocol interface commands
  help                Description of the interactive help system
  history             Interface history histograms - 60 second, 60 minute and
                      72 hour
  hold-queue          Set hold queue depth
  ip                  Interface Internet Protocol config commands
  iphc-profile        Configure IPHC profile
  ipv6                IPv6 interface subcommands
  isis                IS-IS commands
  iso-igrp            ISO-IGRP interface subcommands
  keepalive           Enable keepalive
  l2protocol          Configure l2 control protocol processing
  lan-name            LAN Name command
  lat                 LAT commands
  lisp                Locator/ID Separation Protocol
  llc2                LLC2 Interface Subcommands
  lldp                LLDP interface subcommands
  load-interval       Specify interval for load calculation for an interface
  locaddr-priority    Assign a priority group
  location            Interface location information
  logging             Configure logging for interface
  loopback            Configure internal loopback on an interface
  mac-address         Manually set interface MAC address
  media-proxy         Enable media proxy services
  media-type          Configure media type
  metadata            Metadata Application
  mop                 DEC MOP server commands
  mpls                Configure MPLS interface parameters
  mtu                 Set the interface Maximum Transmission Unit (MTU)
  nat64               NAT64 interface commands
  netbios             Use a defined NETBIOS access list or enable name-caching
  no                  Negate a command or set its defaults
  ntp                 Configure NTP
  onep                Configure onep settings
  ospfv3              OSPFv3 interface commands
  performance         Global performance monitor configuration
  pppoe               pppoe interface subcommands
  pppoe-client        pppoe client
  rate-limit          Rate Limit
  redundancy          RG redundancy interface config
  rmon                Configure Remote Monitoring on an interface
  routing             Per-interface routing configuration
  sap-priority        Assign a priority group
  service             Configure Ether Service
  service-policy      Configure CPL Service Policy
  service-routing     Service Routing in Interface Mode
  shutdown            Shutdown the selected interface
  sna                 SNA pu configuration
  snapshot            Configure snapshot support on the interface
  snmp                Modify SNMP interface parameters
  source              Get config from another source
  speed               Configure speed operation.
  srlg                Interface Shared Risk Link Group config commands
  standby             HSRP interface configuration commands
  tarp                TARP interface subcommands
  timeout             Define timeout values for this interface
  topology            Configure routing topology on the interface
  transmit-interface  Assign a transmit interface to a receive-only interface
  tx-ring-limit       Configure PA level transmit ring limit
  user-group          Interface-User-group Association
  utd                 UTD support on this interface
  vlan-id             Process VLAN-encapsulated packets with a specific VLAN ID
  vlan-range          Process VLAN-encapsulated packets with a range of VLAN
                      IDs
  vnet                Configure VNET interface options
  vrf                 VPN Routing/Forwarding parameters on the interface
  vrrp                VRRP Interface configuration commands
  waas                WAN Optimization
  xconnect            Xconnect commands
  zone-member         Apply zone name

R1(config-if)#dot1
R1(config-if)#dot1q ?
  tunneling  dot1q tunneling configuration

R1(config-if)#no shut
R1(config-if)#
*Dec 18 09:21:39.553: %LINK-3-UPDOWN: Interface GigabitEthernet0/0, changed state to up
*Dec 18 09:21:40.552: %LINEPROTO-5-UPDOWN: Line protocol on Interface GigabitEthernet0/0, changed state to up
R1(config-if)#

































R1 con0 is now available





Press RETURN to get started.






*Dec 18 09:31:48.051: %SYS-5-CONFIG_I: Configured from console by console
**************************************************************************
* IOSv is strictly limited to use for evaluation, demonstration and IOS  *
* education. IOSv is provided as-is and is not supported by Cisco's      *
* Technical Advisory Center. Any use or disclosure, in whole or in part, *
* of the IOSv Software or Documentation to any third party for any       *
* purposes is expressly prohibited except as otherwise authorized by     *
* Cisco in writing.                                                      *
**************************************************************************
R1>
R1>
R1>en
R1#sho ip int bri
Interface                  IP-Address      OK? Method Status                Protocol
GigabitEthernet0/0         192.168.10.2    YES manual up                    up      
GigabitEthernet0/1         10.1.30.1       YES manual up                    up      
GigabitEthernet0/2         unassigned      YES unset  administratively down down    
GigabitEthernet0/3         unassigned      YES unset  administratively down down    
Loopback0                  1.1.1.1         YES manual up                    up      
R1#
-Traceback= 13148Bz 16079Ez 1604DBz 1602B8z 15A275z 15AE3Fz 142CCDz 3EB9FC0z 1E3463z - Process "Per-Second Jobs", CPU hog, PC 0x001442FA

*Dec 18 19:16:17.811: %SYS-3-CPUHOG: Task is running for (1999)msecs, more than (2000)msecs (0/0),process = Per-Second Jobs.

































R1 con0 is now available





Press RETURN to get started.





**************************************************************************
* IOSv is strictly limited to use for evaluation, demonstration and IOS  *
* education. IOSv is provided as-is and is not supported by Cisco's      *
* Technical Advisory Center. Any use or disclosure, in whole or in part, *
* of the IOSv Software or Documentation to any third party for any       *
* purposes is expressly prohibited except as otherwise authorized by     *
* Cisco in writing.                                                      *
**************************************************************************
R1>en
R1#ping 192.168.10.2
Type escape sequence to abort.
Sending 5, 100-byte ICMP Echos to 192.168.10.2, timeout is 2 seconds:
!!!!!
Success rate is 100 percent (5/5), round-trip min/avg/max = 1/2/9 ms
R1#ping 192.168.10.3
Type escape sequence to abort.
Sending 5, 100-byte ICMP Echos to 192.168.10.3, timeout is 2 seconds:
!!!!!
Success rate is 100 percent (5/5), round-trip min/avg/max = 6/10/15 ms
R1#

































R1 con0 is now available





Press RETURN to get started.





**************************************************************************
* IOSv is strictly limited to use for evaluation, demonstration and IOS  *
* education. IOSv is provided as-is and is not supported by Cisco's      *
* Technical Advisory Center. Any use or disclosure, in whole or in part, *
* of the IOSv Software or Documentation to any third party for any       *
* purposes is expressly prohibited except as otherwise authorized by     *
* Cisco in writing.                                                      *
**************************************************************************
R1>en
R1#conf t
Enter configuration commands, one per line.  End with CNTL/Z.
R1(config)#router ospf ?
  <1-65535>  Process ID

R1(config)#router ospf 1
R1(config-router)#router-i
R1(config-router)#router-id 1.1.1.1
R1(config-router)#network 192.168.10.0 0.0.0.255 area 0
R1(config-router)#

































R1 con0 is now available





Press RETURN to get started.












*Dec 18 20:14:38.848: %SYS-5-CONFIG_I: Configured from console by console
**************************************************************************
* IOSv is strictly limited to use for evaluation, demonstration and IOS  *
* education. IOSv is provided as-is and is not supported by Cisco's      *
* Technical Advisory Center. Any use or disclosure, in whole or in part, *
* of the IOSv Software or Documentation to any third party for any       *
* purposes is expressly prohibited except as otherwise authorized by     *
* Cisco in writing.                                                      *
**************************************************************************
R1>
R1>en
R1#show negh
R1#show negh
R1#show negh
R1#show neigh
R1#show neigh
R1#show neigh
R1#show      
R1#show ?
  aaa                       Show AAA values
  access-expression         List access expression
  access-lists              List access lists
  acircuit                  Access circuit info
  adjacency                 Adjacent nodes
  aliases                   Display alias commands
  alps                      Alps information
  appfw                     Application Firewall information
  application               Application Routing
  archive                   Archive functions
  arp                       ARP table
  async                     Information on terminal lines used as router
                            interfaces
  authentication            Shows Auth Manager registrations or sessions
  auto                      Show Automation Template
  backhaul-session-manager  Backhaul Session Manager information
  backup                    Backup status
  banner                    Display banner information
  beep                      Show BEEP information
  bfd                       BFD protocol info
  bgp                       BGP information
  bootvar                   Boot and related environment variable
          
R1#nei  
R1#?  
Exec commands:
  access-enable    Create a temporary Access-List entry
  access-profile   Apply user-profile to interface
  access-template  Create a temporary Access-List entry
  alps             ALPS exec commands
  archive          manage archive files
  auto             Exec level Automation
  beep             Blocks Extensible Exchange Protocol commands
  bfe              For manual emergency modes setting
  bulkstat         Bulkstat exec commands
  calendar         Manage the hardware calendar
  cd               Change current directory
  clear            Reset functions
  clock            Manage the system clock
  cns              CNS agents
  configure        Enter configuration mode
  connect          Open a terminal connection
  copy             Copy from one file to another
  crypto           Encryption related commands.
  cts              Cisco Trusted Security Exec Commands
  debug            Debugging functions (see also 'undebug')
  delete           Delete a file
  dir              List files on a filesystem
  disable          Turn off privileged commands
  disconnect       Disconnect an existing network connection
  do-exec          Mode-independent "do-exec" prefix support
  dot1x            IEEE 802.1X Exec Commands
  eap              EAP Exec Commands
  enable           Turn on privileged commands
  eou              EAPoUDP
  erase            Erase a filesystem
  ethernet         Ethernet parameters
  event            Event related commands
  exit             Exit from the EXEC
  format           Format a filesystem
  fsck             Fsck a filesystem
  help             Description of the interactive help system
  if-mgr           IF-MGR operations
  ip               Exec commands for IP features
  ip               IP SLA Exec Command
  ips              Intrusion Prevention System
  lat              Open a lat connection
  lig              LISP Internet Groper
  lock             Lock the terminal
  logging          Handles logging operations
  login            Log in as a particular user
  logout           Exit from the EXEC
  mediatrace       Mediatrace Commands
  microcode        microcode commands
  mkdir            Create new directory
  modemui          Start a modem-like user interface
  monitor          Monitoring different system events
  more             Display the contents of a file
  mpls             MPLS commands
  mrinfo           Request neighbor and version information from a multicast
                   router
  mrm              IP Multicast Routing Monitor Test
  msp              Exec command to attach profile to flow
  mstat            Show statistics after multiple multicast traceroutes
  mtrace           Trace reverse multicast path from destination to source
  name-connection  Name an existing network connection
  ncia             Start/Stop NCIA Server
  no               Disable debugging functions
  onep             ONEP related commands
  pad              Open a X.29 PAD connection
  partition        Partition disk
  ping             Send echo messages
  pnpa             PnP agent
  ppp              Start IETF Point-to-Point Protocol (PPP)
  pwd              Display current working directory
  redundancy       Redundancy Facility (RF) exec commands
  release          Release a resource
  reload           Halt and perform a cold restart
  rename           Rename a file
  renew            Renew a resource
  restart          Restart Connection
  resume           Resume an active network connection
  rlogin           Open an rlogin connection
  rmdir            Remove existing directory
  routing-context  Routing Context
  rsh              Execute a remote command
  sdlc             Send SDLC test frames
  send             Send a message to other tty lines
  set              Set system parameter (not config)
  setup            Run the SETUP command facility
  show             Show running system information
  slip             Start Serial-line IP (SLIP)
  software         Software commands
  spec-file        format spec file commands
  ssh              Open a secure shell client connection
  start-chat       Start a chat-script on a line
  systat           Display information about terminal lines
  tarp             TARP (Target ID Resolution Protocol) commands
  tclquit          Quit Tool Command Language shell
  tclsh            Tool Command Language shell
  telnet           Open a telnet connection
  terminal         Set terminal line parameters
  test             Test subsystems, memory, and interfaces
  tn3270           Open a tn3270 connection
  traceroute       Trace route to destination
  tunnel           Open a tunnel connection
  udptn            Open an udptn connection
  undebug          Disable debugging functions (see also 'debug')
  upgrade          Upgrade commands
  verify           Verify a file
  waas             IOS Wide Area Application Services
  webvpn           WebVPN exec command
  where            List active connections
  which-route      Do OSI route table lookup and display results
  write            Write running configuration to memory, network, or terminal
  x28              Become an X.28 PAD
  x3               Set X.3 parameters on PAD
  xconnect         Xconnect EXEC commands

R1#debug ?
  aaa                       AAA Authentication, Authorization and Accounting
  access-expression         Boolean access expression
  acircuit                  Attachment Circuit information
  adjacency                 adjacency
  all                       Enable all debugging
  alps                      ALPS debug information
  appfw                     Application Firewall events
  application               Application routing
  archive                   debug archive commands
  arp                       IP ARP and HP Probe transactions
  aspp                      ASPP information
  async                     Async interface information
  atm                       ATM interface packets
  authentication            Auth Manager debugging
  backhaul-session-manager  Backhaul SM options
  backup                    Backup events
  beep                      BEEP debugging
  bfd                       Bi-directional forwarding detection
  bgp                       BGP information
  bing                      Bing(d) debugging
  bridge-domain             Bridge-domain
  bsc                       BSC information
  bsd-client                Enable BSD Client debugging
  bstun                     BSTUN information
  bulkstat                  Bulsktat debugging
  c3pl                      C3PL events
  call                      Call Information
  call-admission            Call admission control
  callback                  Callback activity
  cca                       CCA activity
  cce                       Common Classification Engine (CCE)
  cdp                       CDP information
  cef                       CEF address family independent operations
  cfgdiff                   debug cfgdiff commands
  chat                      Chat scripts activity
  checkpoint                Checkpoint Facility Debugging
  clns                      CLNS information
  cls                       CLS Information
  cns                       CNS agents
  compress                  COMPRESS traffic
  condition                 Condition
  confmodem                 Modem configuration database
  conn                      Connection Manager information
  control-plane             control-plane events
  cops                      COPS
  cpc                       CPC Pak Subblock
  cpl                       Cisco Common Class-based Policy Language debugging
  crm                       Carrier Resource Manager info
  crypto                    Cryptographic subsystem
  cts                       Cisco Trusted Security
  ctunnel                   Generic CTunnel Interface
  custom-queue              Custom output queueing
  cws                       Cloud Web Security events
  dampening                 Dampening
  dcm                       dcm commands
  decnet                    DECnet information
  device-sensor             Device Sensor
  dhcp                      DHCP client activity
  dialer                    Dial on Demand
  dlsw                      Data Link Switching (DLSw) events
  dmvpn                     DMVPN protocol
  dnsix                     Dnsix information
  domain                    Domain debugging
  dot1x                     Dot1x debugging support
  drip                      DRiP debug information
  dspu                      DSPU Information
  dxi                       atm-dxi information
  eap                       EAP debugging
  ecfmpal                   ecfm debugging flags
  eigrp                     EIGRP debug commands
  elb-pal-pd                Elb Pal PD debugging flags
  entry                     Incoming queue entries
  eou                       EAPoUDP debugging support
  epm                       Policy Enforcemnt Module
  epmpal                    EPM platform debugging flags
  ethernet                  Ethernet debugging commands
  event                     Event related commands
  event-manager             Event manager activity
  fastethernet              Fast Ethernet interface information
  fh_fd_rpc                 FH_FD_RPC information
  fhrp                      Debug First Hop Router Protocol
  filesystem                Debug filesystem during boot
  flow                      Flow information
  flow-sampler              Debug flow sampler
  format                    format information
  frame-relay               Frame Relay
  fras                      FRAS Debug 
  fras-host                 FRAS Host Debug 
  funi                      FUNI interface packets
  glbp                      Gateway Load Balancing Protocol (GLBP)
  gssapi                    GSSAPI debugs
  ha-infra                  HA Infra Debugging
  hqf                       Debugging hqf
  http                      HTTP Debugging
  iamp                      IAMP Debug
  ida-client                Enable IDA Client debugging
  identity                  Identity debugging support
  idmgr                     IDMGR interaction
  if-mgr                    IF_MGR information
  interface                 Interface Descriptor Block
  ip                        IP information
  ipam                      IP Address Manager (IPAM) information
  ipc                       Interprocess communications debugging
  iphc                      IPHC information
  ipv6                      IPv6 information
  isis                      IS-IS Information
  kerberos                  KERBEROS authentication and authorization
  keystore                  CTS Keystore
  kron                      Kron subsys debugs
  l2tp                      L2TP information
  l4f                       L4F debugging
  lapb                      LAPB protocol transactions
  lapb-ta                   LAPB Terminal Adapter information
  lat                       LAT Information
  line                      Line debugging
  lisp                      Locator/ID Separation Protocol
  list                      Set interface or/and access list for the next debug
                            command
  llc2                      LLC2 type II Information
  lldp                      LLDP information
  lnx                       generic qllc/llc2 conversion activity
  local-ack                 Local ACKnowledgement information
  location-mgr              Location information manager
  logging                   Add debug messages to logging
  mab                       MAC-Authentication-Bypass debugging
  macdb                     Debug MAC database
  management                Management applications debugging
  mdns                      MDNS feature
  mediatrace                Mediatrace debugging
  memory                    Memory related debugging
  metadata                  Metadata debugs
  mfib                      MFIB address family independent operations
  mmi                       mmi process
  modem                     Modem control/process activation
  mop                       DECnet MOP server events
  mpls                      MPLS debug
  mtm                       MTM
  mvpn                      MVPN events
  mwi                       mwi debug information
  nat64                     NAT64
  nbf                       NetBIOS information
  ncia                      Native Client Interface Architecture (NCIA) events
  netbios-name-cache        NetBIOS name cache tracing
  netconf                   NETCONF information
  nhrp                      NHRP protocol
  nmsp                      debug NMSP
  ntp                       NTP information
  nvram                     Debug NVRAM behavior
  object-group              Object Group information
  oce                       Output chain elements
  onep                      ONE-P commands
  ospfv3                    OSPFv3 debug commands
  pa-wccp-proxy             PA WCCP Proxy
  packet                    Log unknown packets
  pad                       X25 PAD protocol
  performance               Performance monitor debugging
  persistent                Debug persistent
  pfr                       Performance Routing(PfR) information
  platform                  IOSv platform information
  pnp                       Debug PNP behavior
  police                    Debugging police
  policy-firewall           Debug policy-firewall
  policy-manager            Policy Manager
  policy-map                Debug policy-map
  ppp                       PPP (Point to Point Protocol) information
  pppoe                     PPPoE information
  printer                   LPD printer protocol
  priority                  Priority output queueing
  profile                   Media Services Debug 
  protofltr                 Routing protocol filter manager
  psp                       Packet-Service
  qdm                       QoS Device Manager
  qllc                      qllc debug information
  qos                       QoS debugging
  qos                       QoS debugging
  radius                    RADIUS protocol
  rbm                       Role-based Access Control Manager
  redundancy                Redundancy Facility (RF) debug options
  resource                  Embedded Resource Manager debug commands
  rif                       RIF cache transactions
  route-map                 Route-map
  rpl                       RPL Protocol debugging
  rpms-proc                 RPMS Process Information
  rudpv1                    RUDP,V1 information
  sadb                      sadb debug commands
  sampler                   Sampler configuration and operation
  sasl                      Simple Authentication and Security Layer
  sdlc                      SDLC information
  sdllc                     SDLLC media translation
  serial                    Serial interface information
  service-overlay           Service Overlay debug options
  service-routing           Enable Service Routing Debug options
  smf                       Software MAC filter
  sna                       SNA Information
  snapshot                  Snapshot activity
  snmp                      SNMP information
  sntp                      SNTP information
  software                  Software
  source                    Source bridging information
  spanning-tree             Spanning tree debugging
  srtp                      SRTP Library
  ssl                       SSL Debug command
  ssm                       Segment Switch Manager
  standby                   Hot Standby Router Protocol (HSRP)
  stun                      STUN information
  subscriber                Subscriber Service Switch information
  tacacs                    TACACS authentication and authorization
  tagtemplate               Tag and Template
  tarp                      TARP information
  tbridge                   Transparent Bridging
  tccs                      Transparent CCS information
  telnet                    Incoming telnet connections
  template                  Template activity
  tftp                      TFTP debugging
  tgrm                      Trunk Group Resource Manager info
  token                     Token Ring information
  topology                  Topology Manager
  track                     Debug tracking
  translate                 Protocol translation events
  tunnel                    Generic Tunnel Interface
  udptn                     UDPtn async data transport
  user-group                Usergroup debugging
  v120                      V120 information
  video                     debug video
  vlan                      vLAN information
  vmi                       VMI interface debugging
  vofm                      VO Flow Manager
  vpdn                      VPDN information
  vpn                       VPN information
          
R1#debug osp
R1#debug ospfv3 ?
  <1-65535>         Process ID number
  adj               Adjacency events
  authentication    Authentication events
  database-timer    Database timer
  demand-circuit    Demand-circuit negotiation
  events            General events
  flood             LSA flooding
  graceful-restart  Graceful Restart processing
  ha                High Availability
  hello             Hello events
  ipsec             IPSEC events
  ipv4              Address family
  ipv6              Address family
  l2api             OSPF L2/L3 API
  lls               Link-local signalling events
  lsa-generation    LSA generation
  lsdb              Database modifications
  memory            Memory management
  monitor           SPF monitoring
  packet            Packets sent/received
  peering           MANET selective peering
  promiscuous       Promiscuously learned events
  relay             MANET relaying
  rib               OSPFv3 RIB
  scheduler         OSPF process scheduling
  sham-link         Sham-link events
  snmp              OSPFv3 snmp
  spf               SPF computation
  traffic-eng       MPLS TE
  vrf               VPN Routing/Forwarding instance

R1#Q            
R1#Q
R1#osp
R1#osp
R1#osp
R1#osp
R1#show ospf neighbour
                    ^
% Invalid input detected at '^' marker.

R1#conf t
Enter configuration commands, one per line.  End with CNTL/Z.
R1(config)#osp
R1(config)#osp
R1(config)#sho
R1(config)#sho
R1(config)#sho
R1(config)#nei
R1(config)#nei
R1(config)#nei
R1(config)#   

































R1 con0 is now available





Press RETURN to get started.














*Dec 18 21:05:49.296: %SYS-5-CONFIG_I: Configured from console by console
*Dec 18 21:57:32.235: %OSPF-5-ADJCHG: Process 1, Nbr 2.2.2.2 on GigabitEthernet0/0 from LOADING to FULL, Loading Done
**************************************************************************
* IOSv is strictly limited to use for evaluation, demonstration and IOS  *
* education. IOSv is provided as-is and is not supported by Cisco's      *
* Technical Advisory Center. Any use or disclosure, in whole or in part, *
* of the IOSv Software or Documentation to any third party for any       *
* purposes is expressly prohibited except as otherwise authorized by     *
* Cisco in writing.                                                      *
**************************************************************************
R1>en
R1# sho run
Building configuration...

Current configuration : 3084 bytes
!
! Last configuration change at 21:05:49 UTC Fri Dec 18 2020
!
version 15.9
service timestamps debug datetime msec
service timestamps log datetime msec
no service password-encryption
!
hostname R1
!
boot-start-marker
boot-end-marker
!
!
!
no aaa new-model
!
!
!
mmi polling-interval 60
no mmi auto-configure
no mmi pvc
mmi snmp-timeout 180
!
!
!
!
!
!
!
!
!
!
!
ip cef
no ipv6 cef
!
multilink bundle-name authenticated
!
!
!
!
!
redundancy
!         
!
! 
!
!
!
!
!
!
!
!
!
!
!
!
interface Loopback0
 ip address 1.1.1.1 255.255.255.255
!
interface GigabitEthernet0/0
 ip address 192.168.10.2 255.255.255.240
 duplex auto
 speed auto
 media-type rj45
!         
interface GigabitEthernet0/1
 ip address 10.1.30.1 255.255.255.0
 duplex auto
 speed auto
 media-type rj45
!
interface GigabitEthernet0/2
 no ip address
 shutdown
 duplex auto
 speed auto
 media-type rj45
!
interface GigabitEthernet0/3
 no ip address
 shutdown
 duplex auto
 speed auto
 media-type rj45
!
router ospf 1
 router-id 1.1.1.1
 network 192.168.10.0 0.0.0.255 area 0
!
ip forward-protocol nd
!
!
no ip http server
no ip http secure-server
!
ipv6 ioam timestamp
!
!
!
control-plane
!
banner exec ^C
**************************************************************************
* IOSv is strictly limited to use for evaluation, demonstration and IOS  *
* education. IOSv is provided as-is and is not supported by Cisco's      *
* Technical Advisory Center. Any use or disclosure, in whole or in part, *
* of the IOSv Software or Documentation to any third party for any       *
* purposes is expressly prohibited except as otherwise authorized by     *
* Cisco in writing.                                                      *
**************************************************************************^C
 --More-- 
*Dec 18 22:02:35.072: %OSPF-5-ADJCHG: Process 1, Nbr 3.3.3.3 on GigabitEthernet0/0 from LOADING to FULL, Lobanner incoming ^C
**************************************************************************
* IOSv is strictly limited to use for evaluation, demonstration and IOS  *
* education. IOSv is provided as-is and is not supported by Cisco's      *
* Technical Advisory Center. Any use or disclosure, in whole or in part, *
* of the IOSv Software or Documentation to any third party for any       *
* purposes is expressly prohibited except as otherwise authorized by     *
* Cisco in writing.                                                      *
**************************************************************************^C
banner login ^C
**************************************************************************
* IOSv is strictly limited to use for evaluation, demonstration and IOS  *
* education. IOSv is provided as-is and is not supported by Cisco's      *
* Technical Advisory Center. Any use or disclosure, in whole or in part, *
* of the IOSv Software or Documentation to any third party for any       *
* purposes is expressly prohibited except as otherwise authorized by     *
* Cisco in writing.                                                      *
**************************************************************************^C
!
line con 0
line aux 0
line vty 0 4
 login
 transport input none
!         
no scheduler allocate
!
end

R1#show ip ospf neighbor

Neighbor ID     Pri   State           Dead Time   Address         Interface
2.2.2.2           1   FULL/BDR        00:00:30    192.168.10.3    GigabitEthernet0/0
3.3.3.3           1   FULL/DROTHER    00:00:35    192.168.10.4    GigabitEthernet0/0
R1#

































R1 con0 is now available





Press RETURN to get started.













**************************************************************************
* IOSv is strictly limited to use for evaluation, demonstration and IOS  *
* education. IOSv is provided as-is and is not supported by Cisco's      *
* Technical Advisory Center. Any use or disclosure, in whole or in part, *
* of the IOSv Software or Documentation to any third party for any       *
* purposes is expressly prohibited except as otherwise authorized by     *
* Cisco in writing.                                                      *
**************************************************************************
R1>en 
R1#show ip ospf neighbor

Neighbor ID     Pri   State           Dead Time   Address         Interface
2.2.2.2           1   FULL/BDR        00:00:39    192.168.10.3    GigabitEthernet0/0
3.3.3.3           1   FULL/DROTHER    00:00:35    192.168.10.4    GigabitEthernet0/0
R1#
*Dec 18 22:50:14.242: %OSPF-5-ADJCHG: Process 1, Nbr 3.3.3.3 on GigabitEthernet0/0 from FULL to DOWN, Neighbor Down: Dead timer expired
*Dec 18 22:52:06.143: %OSPF-5-ADJCHG: Process 1, Nbr 3.3.3.3 on GigabitEthernet0/0 from LOADING to FULL, Loading Done

































R1 con0 is now available





Press RETURN to get started.





**************************************************************************
* IOSv is strictly limited to use for evaluation, demonstration and IOS  *
* education. IOSv is provided as-is and is not supported by Cisco's      *
* Technical Advisory Center. Any use or disclosure, in whole or in part, *
* of the IOSv Software or Documentation to any third party for any       *
* purposes is expressly prohibited except as otherwise authorized by     *
* Cisco in writing.                                                      *
**************************************************************************
R1>en 
R1#sho ip int bri
Interface                  IP-Address      OK? Method Status                Protocol
GigabitEthernet0/0         192.168.10.2    YES manual up                    up      
GigabitEthernet0/1         10.1.30.1       YES manual up                    up      
GigabitEthernet0/2         unassigned      YES unset  administratively down down    
GigabitEthernet0/3         unassigned      YES unset  administratively down down    
Loopback0                  1.1.1.1         YES manual up                    up      
R1#wr
Building configuration...
[OK]
R1#
*Dec 18 23:11:01.826: %GRUB-5-CONFIG_WRITING: GRUB configuration is being updated on disk. Please wait...
*Dec 18 23:11:02.739: %GRUB-5-CONFIG_WRITTEN: GRUB configuration was written to disk successfully.

































R1 con0 is now available





Press RETURN to get started.











*Dec 19 10:16:47.144: %OSPF-5-ADJCHG: Process 1, Nbr 3.3.3.3 on GigabitEthernet0/0 from FULL to DOWN, Neighbor Down: Dead timer expired
*Dec 19 10:18:29.220: %OSPF-5-ADJCHG: Process 1, Nbr 3.3.3.3 on GigabitEthernet0/0 from LOADING to FULL, Loading Done
*Dec 19 10:33:28.713: %OSPF-5-ADJCHG: Process 1, Nbr 2.2.2.2 on GigabitEthernet0/0 from FULL to DOWN, Neighbor Down: Dead timer expired
**************************************************************************
* IOSv is strictly limited to use for evaluation, demonstration and IOS  *
* education. IOSv is provided as-is and is not supported by Cisco's      *
* Technical Advisory Center. Any use or disclosure, in whole or in part, *
* of the IOSv Software or Documentation to any third party for any       *
* purposes is expressly prohibited except as otherwise authorized by     *
* Cisco in writing.                                                      *
**************************************************************************
R1>
R1>en
R1#show run
Building configuration...

Current configuration : 3084 bytes
!
! Last configuration change at 21:05:49 UTC Fri Dec 18 2020
!
version 15.9
service timestamps debug datetime msec
service timestamps log datetime msec
no service password-encryption
!
hostname R1
!
boot-start-marker
boot-end-marker
!
!
!
no aaa new-model
!
!
!
mmi polling-interval 60
no mmi auto-configure
no mmi pvc
mmi snmp-timeout 180
!
!
!
!
!
!
!
!
!
!
!
ip cef
no ipv6 cef
!
multilink bundle-name authenticated
!
!
!
!
!
redundancy
!         
!
! 
!
!
!
!
!
!
!
!
!
!
!
!
interface Loopback0
 ip address 1.1.1.1 255.255.255.255
!
interface GigabitEthernet0/0
 ip address 192.168.10.2 255.255.255.240
 duplex auto
 speed auto
 media-type rj45
!         
interface GigabitEthernet0/1
 ip address 10.1.30.1 255.255.255.0
 duplex auto
 speed auto
 media-type rj45
!
interface GigabitEthernet0/2
 no ip address
 shutdown
 duplex auto
 speed auto
 media-type rj45
!
interface GigabitEthernet0/3
 no ip address
 shutdown
 duplex auto
 speed auto
 media-type rj45
!
router ospf 1
 router-id 1.1.1.1
 network 192.168.10.0 0.0.0.255 area 0
!
ip forward-protocol nd
!
!
no ip http server
no ip http secure-server
!
ipv6 ioam timestamp
!
!
!
control-plane
!
banner exec ^C
**************************************************************************
* IOSv is strictly limited to use for evaluation, demonstration and IOS  *
* education. IOSv is provided as-is and is not supported by Cisco's      *
* Technical Advisory Center. Any use or disclosure, in whole or in part, *
* of the IOSv Software or Documentation to any third party for any       *
* purposes is expressly prohibited except as otherwise authorized by     *
* Cisco in writing.                                                      *
**************************************************************************^C
banner incoming ^C
**************************************************************************
* IOSv is strictly limited to use for evaluation, demonstration and IOS  *
* education. IOSv is provided as-is and is not supported by Cisco's      *
* Technical Advisory Center. Any use or disclosure, in whole or in part, *
* of the IOSv Software or Documentation to any third party for any       *
* purposes is expressly prohibited except as otherwise authorized by     *
* Cisco in writing.                                                      *
**************************************************************************^C
banner login ^C
**************************************************************************
* IOSv is strictly limited to use for evaluation, demonstration and IOS  *
* education. IOSv is provided as-is and is not supported by Cisco's      *
* Technical Advisory Center. Any use or disclosure, in whole or in part, *
* of the IOSv Software or Documentation to any third party for any       *
* purposes is expressly prohibited except as otherwise authorized by     *
* Cisco in writing.                                                      *
**************************************************************************^C
!
line con 0
line aux 0
line vty 0 4
 login
 transport input none
!         
no scheduler allocate
!
end

R1#conf t
Enter configuration commands, one per line.  End with CNTL/Z.
R1(config)#interface GigabitEthernet0/0
R1(config-if)#switch
R1(config-if)#switchp
R1(config-if)#switch 
R1(config-if)#switch
R1(config-if)#switch
R1(config-if)#exit  
R1(config)#interface GigabitEthernet0/1
R1(config-if)#enc
R1(config-if)#encaps
R1(config-if)#encap 
R1(config-if)#?    
Interface configuration commands:
  aaa                 Authentication, Authorization and Accounting.
  access-expression   Build a bridge boolean access expression
  arp                 Set arp type (arpa, probe, snap), timeout, log options or
                      packet priority
  backup              Modify backup parameters
  bandwidth           Set bandwidth informational parameter
  bfd                 BFD interface configuration commands
  bgp-policy          Apply policy propagated by bgp community string
  bridge-group        Transparent bridging interface parameters
  carrier-delay       Specify delay for interface transitions
  cdp                 CDP interface subcommands
  clns                CLNS interface subcommands
  cmns                OSI CMNS
  crypto              Encryption/Decryption commands
  cts                 Configure Cisco Trusted Security
  cws                 Configure Cloud Web Security
  dampening           Enable event dampening
  decnet              Interface DECnet config commands
  default             Set a command to its defaults
  delay               Specify interface throughput delay
  description         Interface specific description
  dlsw                DLSw interface subcommands
  domain              Specify a domain
  dot1q               dot1q interface configuration commands
  dspu                Down Stream PU
  duplex              Configure duplex operation.
  eou                 EAPoUDP Interface Configuration Commands
  ethernet            Ethernet interface parameters
  exit                Exit from interface configuration mode
  fhrp                Configure FHRP
  flow-sampler        Attach flow sampler to the interface
  fras                DLC Switch Interface Command
  glbp                Gateway Load Balancing Protocol interface commands
  help                Description of the interactive help system
  history             Interface history histograms - 60 second, 60 minute and
                      72 hour
  hold-queue          Set hold queue depth
  ip                  Interface Internet Protocol config commands
  iphc-profile        Configure IPHC profile
  ipv6                IPv6 interface subcommands
  isis                IS-IS commands
  iso-igrp            ISO-IGRP interface subcommands
  keepalive           Enable keepalive
  l2protocol          Configure l2 control protocol processing
  lan-name            LAN Name command
  lat                 LAT commands
  lisp                Locator/ID Separation Protocol
  llc2                LLC2 Interface Subcommands
  lldp                LLDP interface subcommands
  load-interval       Specify interval for load calculation for an interface
  locaddr-priority    Assign a priority group
  location            Interface location information
  logging             Configure logging for interface
  loopback            Configure internal loopback on an interface
  mac-address         Manually set interface MAC address
  media-proxy         Enable media proxy services
  media-type          Configure media type
  metadata            Metadata Application
  mop                 DEC MOP server commands
  mpls                Configure MPLS interface parameters
  mtu                 Set the interface Maximum Transmission Unit (MTU)
  nat64               NAT64 interface commands
  netbios             Use a defined NETBIOS access list or enable name-caching
  no                  Negate a command or set its defaults
  ntp                 Configure NTP
  onep                Configure onep settings
  ospfv3              OSPFv3 interface commands
  performance         Global performance monitor configuration
  pppoe               pppoe interface subcommands
  pppoe-client        pppoe client
  rate-limit          Rate Limit
  redundancy          RG redundancy interface config
  rmon                Configure Remote Monitoring on an interface
  routing             Per-interface routing configuration
  sap-priority        Assign a priority group
  service             Configure Ether Service
  service-policy      Configure CPL Service Policy
  service-routing     Service Routing in Interface Mode
  shutdown            Shutdown the selected interface
  sna                 SNA pu configuration
  snapshot            Configure snapshot support on the interface
  snmp                Modify SNMP interface parameters
  source              Get config from another source
  speed               Configure speed operation.
  srlg                Interface Shared Risk Link Group config commands
  standby             HSRP interface configuration commands
  tarp                TARP interface subcommands
  timeout             Define timeout values for this interface
  topology            Configure routing topology on the interface
  transmit-interface  Assign a transmit interface to a receive-only interface
 --More-- 
*Dec 19 10:46:25.980: %OSPF-5-ADJCHG: Process 1, Nbr 3.3.3.3 on GigabitEthernet0/0 from FULL to DOWN, Neighbor Down: Dead tim  tx-ring-limit       Configure PA level transmit ring limit
  user-group          Interface-User-group Association
  utd                 UTD support on this interface
  vlan-id             Process VLAN-encapsulated packets with a specific VLAN ID
  vlan-range          Process VLAN-encapsulated packets with a range of VLAN
                      IDs
  vnet                Configure VNET interface options
  vrf                 VPN Routing/Forwarding parameters on the interface
  vrrp                VRRP Interface configuration commands
  waas                WAN Optimization
  xconnect            Xconnect commands
  zone-member         Apply zone name

R1(config-if)#
R1(config-if)#exit
R1(config)#exit
R1#sho
*Dec 19 10:48:09.490: %SYS-5-CONFIG_I: Configured from console by console 
% Type "show ?" for a list of subcommands
R1#show ip ospf nei
R1#show ip ospf neighbor 
R1#show ip ospf neighbor
R1#

































R1 con0 is now available





Press RETURN to get started.


**************************************************************************
* IOSv is strictly limited to use for evaluation, demonstration and IOS  *
* education. IOSv is provided as-is and is not supported by Cisco's      *
* Technical Advisory Center. Any use or disclosure, in whole or in part, *
* of the IOSv Software or Documentation to any third party for any       *
* purposes is expressly prohibited except as otherwise authorized by     *
* Cisco in writing.                                                      *
**************************************************************************
R1>
R1>
R1>en
R1#sho run
Building configuration...

Current configuration : 3084 bytes
!
! Last configuration change at 10:48:09 UTC Sat Dec 19 2020
!
version 15.9
service timestamps debug datetime msec
service timestamps log datetime msec
no service password-encryption
!
hostname R1
!
boot-start-marker
boot-end-marker
!
!
!
no aaa new-model
!
!
!
mmi polling-interval 60
no mmi auto-configure
no mmi pvc
mmi snmp-timeout 180
!
!
!
!
!
!
!
!
!
!
!
ip cef
no ipv6 cef
!
multilink bundle-name authenticated
!
!
!
!
!
redundancy
!         
!
! 
!
!
!
!
!
!
!
!
!
!
!
!
interface Loopback0
 ip address 1.1.1.1 255.255.255.255
!
interface GigabitEthernet0/0
 ip address 192.168.10.2 255.255.255.240
 duplex auto
 speed auto
 media-type rj45
!         
interface GigabitEthernet0/1
 ip address 10.1.30.1 255.255.255.0
 duplex auto
 speed auto
 media-type rj45
!
interface GigabitEthernet0/2
 no ip address
 shutdown
 duplex auto
 speed auto
 media-type rj45
!
interface GigabitEthernet0/3
 no ip address
 shutdown
 duplex auto
 speed auto
 media-type rj45
!
router ospf 1
 router-id 1.1.1.1
 network 192.168.10.0 0.0.0.255 area 0
!         
ip forward-protocol nd
!
!
no ip http server
no ip http secure-server
!
ipv6 ioam timestamp
!
!
!
control-plane
!
banner exec ^C
**************************************************************************
* IOSv is strictly limited to use for evaluation, demonstration and IOS  *
* education. IOSv is provided as-is and is not supported by Cisco's      *
* Technical Advisory Center. Any use or disclosure, in whole or in part, *
* of the IOSv Software or Documentation to any third party for any       *
* purposes is expressly prohibited except as otherwise authorized by     *
* Cisco in writing.                                                      *
**************************************************************************^C
banner incoming ^C
**************************************************************************
* IOSv is strictly limited to use for evaluation, demonstration and IOS  *
* education. IOSv is provided as-is and is not supported by Cisco's      *
* Technical Advisory Center. Any use or disclosure, in whole or in part, *
* of the IOSv Software or Documentation to any third party for any       *
* purposes is expressly prohibited except as otherwise authorized by     *
* Cisco in writing.                                                      *
**************************************************************************^C
banner login ^C
**************************************************************************
* IOSv is strictly limited to use for evaluation, demonstration and IOS  *
* education. IOSv is provided as-is and is not supported by Cisco's      *
* Technical Advisory Center. Any use or disclosure, in whole or in part, *
* of the IOSv Software or Documentation to any third party for any       *
* purposes is expressly prohibited except as otherwise authorized by     *
* Cisco in writing.                                                      *
**************************************************************************^C
!
line con 0
line aux 0
line vty 0 4
 login
 transport input none
!         
no scheduler allocate
!
end

R1#conf t
Enter configuration commands, one per line.  End with CNTL/Z.
R1(config)#vlna
R1(config)#vla 
R1(config)#vlan 
R1(config)#vlan ?
  accounting  VLAN accounting configuration
  ifdescr     VLAN subinterface ifDescr

R1(config)#vlan acc
R1(config)#vlan accounting ?
  input   Input accounting
  output  Output accounting
  <cr>    <cr>

R1(config)#exit            
R1#
*Dec 20 06:36:39.095: %SYS-5-CONFIG_I: Configured from console by console  
R1#conf t
Enter configuration commands, one per line.  End with CNTL/Z.
R1(config)#int GigabitEthernet0/0.1
R1(config-subif)#encap
R1(config-subif)#encapsulation dot1
R1(config-subif)#exit                   
R1(config)##int gi 0/0
R1(config)##int gi 0/0
R1(config)##int gi 0/0
R1(config)#no ip address 192.168.10.2 255.255.255.240
                        ^
% Invalid input detected at '^' marker.

R1(config)#exit
R1#con
*Dec 20 06:40:29.079: %SYS-5-CONFIG_I: Configured from console by consolef
Configuring from terminal, memory, or network [terminal]? t
Enter configuration commands, one per line.  End with CNTL/Z.
R1(config)#int gi 0/0
R1(config-if)#no ip address 192.168.10.2 255.255.255.240
R1(config-if)#exit
R1(config)#int GigabitEthernet0/0.1
R1(config-subif)#enca
R1(config-subif)#encapsulation dot
R1(config-subif)#encapsulation ?     
  dot1Q            IEEE 802.1Q Virtual LAN
  isl              Inter Switch Link - Virtual LAN encapsulation
  priority-tagged  Priority-tagged (VLAN 0)

R1(config-subif)#encapsulation dot
R1(config-subif)#encapsulation dot1Q 110 native
R1(config-subif)#ip addre
R1(config-subif)#ip address 192.168.10.2 255.255.255.240
R1(config-subif)#exit
R1(config)#exit
R1#show run
*Dec 20 06:50:56.974: %SYS-5-CONFIG_I: Configured from console by console
Building configuration...

Current configuration : 3164 bytes
!
! Last configuration change at 06:50:56 UTC Sun Dec 20 2020
!
version 15.9
service timestamps debug datetime msec
service timestamps log datetime msec
no service password-encryption
!
hostname R1
!
boot-start-marker
boot-end-marker
!
!
!
no aaa new-model
!
!
!
mmi polling-interval 60
no mmi auto-configure
no mmi pvc
mmi snmp-timeout 180
!
!
!
!
!
!
!
!
!
!
!
ip cef
no ipv6 cef
!
multilink bundle-name authenticated
!
!
!
!
!
redundancy
!         
!
! 
!
!
!
!
!
!
!
!
!
!
!
!
interface Loopback0
 ip address 1.1.1.1 255.255.255.255
!
interface GigabitEthernet0/0
 no ip address
 duplex auto
 speed auto
 media-type rj45
!         
interface GigabitEthernet0/0.1
 encapsulation dot1Q 110 native
 ip address 192.168.10.2 255.255.255.240
!
interface GigabitEthernet0/1
 ip address 10.1.30.1 255.255.255.0
 duplex auto
 speed auto
 media-type rj45
!
interface GigabitEthernet0/2
 no ip address
 shutdown
 duplex auto
 speed auto
 media-type rj45
!
interface GigabitEthernet0/3
 no ip address
 shutdown
 duplex auto
 speed auto
 media-type rj45
!
router ospf 1
 router-id 1.1.1.1
 network 192.168.10.0 0.0.0.255 area 0
!
ip forward-protocol nd
!
!
no ip http server
no ip http secure-server
!
ipv6 ioam timestamp
!
!
!
control-plane
!
banner exec ^C
**************************************************************************
* IOSv is strictly limited to use for evaluation, demonstration and IOS  *
* education. IOSv is provided as-is and is not supported by Cisco's      *
* Technical Advisory Center. Any use or disclosure, in whole or in part, *
* of the IOSv Software or Documentation to any third party for any       *
* purposes is expressly prohibited except as otherwise authorized by     *
* Cisco in writing.                                                      *
**************************************************************************^C
banner incoming ^C
**************************************************************************
* IOSv is strictly limited to use for evaluation, demonstration and IOS  *
* education. IOSv is provided as-is and is not supported by Cisco's      *
* Technical Advisory Center. Any use or disclosure, in whole or in part, *
* of the IOSv Software or Documentation to any third party for any       *
* purposes is expressly prohibited except as otherwise authorized by     *
* Cisco in writing.                                                      *
**************************************************************************^C
banner login ^C
**************************************************************************
* IOSv is strictly limited to use for evaluation, demonstration and IOS  *
* education. IOSv is provided as-is and is not supported by Cisco's      *
* Technical Advisory Center. Any use or disclosure, in whole or in part, *
* of the IOSv Software or Documentation to any third party for any       *
* purposes is expressly prohibited except as otherwise authorized by     *
* Cisco in writing.                                                      *
**************************************************************************^C
!
line con 0
line aux 0
line vty 0 4
 login
 transport input none
!
no scheduler allocate
!
end

R1#

































R1 con0 is now available





Press RETURN to get started.







**************************************************************************
* IOSv is strictly limited to use for evaluation, demonstration and IOS  *
* education. IOSv is provided as-is and is not supported by Cisco's      *
* Technical Advisory Center. Any use or disclosure, in whole or in part, *
* of the IOSv Software or Documentation to any third party for any       *
* purposes is expressly prohibited except as otherwise authorized by     *
* Cisco in writing.                                                      *
**************************************************************************
R1>en
R1#show ip int bri
Interface                  IP-Address      OK? Method Status                Protocol
GigabitEthernet0/0         unassigned      YES unset  up                    up      
GigabitEthernet0/0.1       192.168.10.2    YES manual up                    up      
GigabitEthernet0/1         10.1.30.1       YES manual up                    up      
GigabitEthernet0/2         unassigned      YES unset  administratively down down    
GigabitEthernet0/3         unassigned      YES unset  administratively down down    
Loopback0                  1.1.1.1         YES manual up                    up      
R1#deb
R1#debug osp
R1#debug ospfv3 
R1#debug ospfv3 
R1#debug ospfv3 ?
  <1-65535>         Process ID number
  adj               Adjacency events
  authentication    Authentication events
  database-timer    Database timer
  demand-circuit    Demand-circuit negotiation
  events            General events
  flood             LSA flooding
  graceful-restart  Graceful Restart processing
  ha                High Availability
  hello             Hello events
  ipsec             IPSEC events
  ipv4              Address family
  ipv6              Address family
  l2api             OSPF L2/L3 API
  lls               Link-local signalling events
  lsa-generation    LSA generation
  lsdb              Database modifications
  memory            Memory management
  monitor           SPF monitoring
  packet            Packets sent/received
  peering           MANET selective peering
  promiscuous       Promiscuously learned events
  relay             MANET relaying
  rib               OSPFv3 RIB
  scheduler         OSPF process scheduling
  sham-link         Sham-link events
  snmp              OSPFv3 snmp
  spf               SPF computation
  traffic-eng       MPLS TE
  vrf               VPN Routing/Forwarding instance

R1#debug ospfv3 hello
R1#
R1#
R1#

































R1 con0 is now available





Press RETURN to get started.




**************************************************************************
* IOSv is strictly limited to use for evaluation, demonstration and IOS  *
* education. IOSv is provided as-is and is not supported by Cisco's      *
* Technical Advisory Center. Any use or disclosure, in whole or in part, *
* of the IOSv Software or Documentation to any third party for any       *
* purposes is expressly prohibited except as otherwise authorized by     *
* Cisco in writing.                                                      *
**************************************************************************
R1>
R1>
R1>en
R1#conf t
Enter configuration commands, one per line.  End with CNTL/Z.
R1(config)#route
R1(config)#routee
R1(config)#route 
R1(config)#int lo0
R1(config-if)#router
R1(config-if)#router ospf 1
R1(config-router)#network 192.168.10.2 0.0.0.0 area 0
R1(config-router)#exit
R1(config)#exit
R1#sho
*Dec 20 07:32:26.113: %SYS-5-CONFIG_I: Configured from console by console run
Building configuration...

Current configuration : 3201 bytes
!
! Last configuration change at 07:32:26 UTC Sun Dec 20 2020
!
version 15.9
service timestamps debug datetime msec
service timestamps log datetime msec
no service password-encryption
!
hostname R1
!
boot-start-marker
boot-end-marker
!
!
!
no aaa new-model
!
!
!
mmi polling-interval 60
no mmi auto-configure
no mmi pvc
mmi snmp-timeout 180
!
!
!
!
!
!
!
!
!
!
!
ip cef
no ipv6 cef
!
multilink bundle-name authenticated
!
!
!
!
!
redundancy
!         
!
! 
!
!
!
!
!
!
!
!
!
!
!
!
interface Loopback0
 ip address 1.1.1.1 255.255.255.255
!
interface GigabitEthernet0/0
 no ip address
 duplex auto
 speed auto
 media-type rj45
!         
interface GigabitEthernet0/0.1
 encapsulation dot1Q 110 native
 ip address 192.168.10.2 255.255.255.240
!
interface GigabitEthernet0/1
 ip address 10.1.30.1 255.255.255.0
 duplex auto
 speed auto
 media-type rj45
!
interface GigabitEthernet0/2
 no ip address
 shutdown
 duplex auto
 speed auto
 media-type rj45
!
interface GigabitEthernet0/3
 no ip address
 shutdown
 duplex auto
 speed auto
 media-type rj45
!
router ospf 1
 router-id 1.1.1.1
 network 192.168.10.2 0.0.0.0 area 0
 network 192.168.10.0 0.0.0.255 area 0
!
ip forward-protocol nd
!
!
no ip http server
no ip http secure-server
!
ipv6 ioam timestamp
!
!
!
control-plane
!
banner exec ^C
**************************************************************************
* IOSv is strictly limited to use for evaluation, demonstration and IOS  *
* education. IOSv is provided as-is and is not supported by Cisco's      *
* Technical Advisory Center. Any use or disclosure, in whole or in part, *
* of the IOSv Software or Documentation to any third party for any       *
* purposes is expressly prohibited except as otherwise authorized by     *
* Cisco in writing.                                                      *
**************************************************************************^C
banner incoming ^C
**************************************************************************
* IOSv is strictly limited to use for evaluation, demonstration and IOS  *
* education. IOSv is provided as-is and is not supported by Cisco's      *
* Technical Advisory Center. Any use or disclosure, in whole or in part, *
* of the IOSv Software or Documentation to any third party for any       *
* purposes is expressly prohibited except as otherwise authorized by     *
* Cisco in writing.                                                      *
**************************************************************************^C
banner login ^C
**************************************************************************
* IOSv is strictly limited to use for evaluation, demonstration and IOS  *
* education. IOSv is provided as-is and is not supported by Cisco's      *
* Technical Advisory Center. Any use or disclosure, in whole or in part, *
* of the IOSv Software or Documentation to any third party for any       *
* purposes is expressly prohibited except as otherwise authorized by     *
* Cisco in writing.                                                      *
**************************************************************************^C
!         
line con 0
line aux 0
line vty 0 4
 login
 transport input none
!
no scheduler allocate
!
end

R1#sho ip ospf ne
R1#sho ip ospf neighbor 
R1#conf t
Enter configuration commands, one per line.  End with CNTL/Z.
R1(config)#int lo0
R1(config-if)#router ospf 1
R1(config-router)#no network 192.168.10.0 0.0.0.255 area 0
R1(config-router)#exit
R1(config)#exit
R1#pi
*Dec 20 07:33:47.655: %SYS-5-CONFIG_I: Configured from console by consoleng
Protocol [ip]: 
Target IP address: 
% Bad IP address
R1#ping 192.168.10.3
Type escape sequence to abort.
Sending 5, 100-byte ICMP Echos to 192.168.10.3, timeout is 2 seconds:
.....
Success rate is 0 percent (0/5)
R1#conf t           
Enter configuration commands, one per line.  End with CNTL/Z.
R1(config)#int GigabitEthernet0/0.1
R1(config-subif)#route
R1(config-subif)#router osp
R1(config-subif)#router osp
R1(config-subif)#router osp
R1(config-subif)#router osp
R1(config-subif)#router osp
R1(config-subif)#?         
Interface configuration commands:
  aaa              Authentication, Authorization and Accounting.
  arp              Set arp type (arpa, probe, snap), timeout, log options or
                   packet priority
  backup           Modify backup parameters
  bandwidth        Set bandwidth informational parameter
  bfd              BFD interface configuration commands
  bgp-policy       Apply policy propagated by bgp community string
  bridge-group     Transparent bridging interface parameters
  cdp              CDP interface subcommands
  clns             CLNS interface subcommands
  crypto           Encryption/Decryption commands
  cts              Configure Cisco Trusted Security
  cws              Configure Cloud Web Security
  decnet           Interface DECnet config commands
  default          Set a command to its defaults
  delay            Specify interface throughput delay
  description      Interface specific description
  dlsw             DLSw interface subcommands
  domain           Specify a domain
  dspu             Down Stream PU
  encapsulation    Set encapsulation type for an interface
  eou              EAPoUDP Interface Configuration Commands
  ethernet         Ethernet interface parameters
  exit             Exit from interface configuration mode
  fhrp             Configure FHRP
  flow-sampler     Attach flow sampler to the interface
  fras             DLC Switch Interface Command
  glbp             Gateway Load Balancing Protocol interface commands
  ip               Interface Internet Protocol config commands
  ipv6             IPv6 interface subcommands
  isis             IS-IS commands
  iso-igrp         ISO-IGRP interface subcommands
  keepalive        Enable keepalive
  lat              LAT commands
  lisp             Locator/ID Separation Protocol
  llc2             LLC2 Interface Subcommands
  lldp             LLDP interface subcommands
  logging          Configure logging for interface
  mpls             Configure MPLS interface parameters
  mtu              Set the interface Maximum Transmission Unit (MTU)
  nat64            NAT64 interface commands
  netbios          Use a defined NETBIOS access list or enable name-caching
  no               Negate a command or set its defaults
  ntp              Configure NTP
  onep             Configure onep settings
  ospfv3           OSPFv3 interface commands
  performance      Global performance monitor configuration
  pppoe            pppoe interface subcommands
  pppoe-client     pppoe client
  rate-limit       Rate Limit
  redundancy       RG redundancy interface config
  routing          Per-interface routing configuration
  service-policy   Configure CPL Service Policy
  service-routing  Service Routing in Interface Mode
  shutdown         Shutdown the selected interface
  sna              SNA pu configuration
  snapshot         Configure snapshot support on the interface
  snmp             Modify SNMP interface parameters
  source           Get config from another source
  srlg             Interface Shared Risk Link Group config commands
  standby          HSRP interface configuration commands
  tarp             TARP interface subcommands
  timeout          Define timeout values for this interface
  topology         Configure routing topology on the interface
  user-group       Interface-User-group Association
  utd              UTD support on this interface
  vrf              VPN Routing/Forwarding parameters on the interface
  vrrp             VRRP Interface configuration commands
  waas             WAN Optimization
  xconnect         Xconnect commands
  zone-member      Apply zone name

R1(config-subif)#exit
R1(config)#no interface GigabitEthernet0/0.1
R1(config)#int GigabitEthernet0/0
R1(config-if)#ip address 192.168.10.2 255.255.255.240
R1(config-if)#exit
R1(config)#route
R1(config)#route
R1(config)#route
R1(config)#rout 
R1(config)#route
R1(config)#rout 
R1(config)#int gi 0/0
R1(config-if)#router
R1(config-if)#router osp
R1(config-if)#router osp
R1(config-if)#router osp
R1(config-if)#router os 
R1(config-if)#router ? 
% Unrecognized command
R1(config-if)#exit   
R1(config)#router ?
  bgp       Border Gateway Protocol (BGP)
  eigrp     Enhanced Interior Gateway Routing Protocol (EIGRP)
  isis      ISO IS-IS
  iso-igrp  IGRP for OSI networks
  lisp      Locator/ID Separation Protocol
  mobile    Mobile routes
  odr       On Demand stub Routes
  ospf      Open Shortest Path First (OSPF)
  ospfv3    OSPFv3
  rip       Routing Information Protocol (RIP)

R1(config)#router ospf 1
R1(config-router)#?
Router configuration commands:
  address-family         Enter Address Family command mode
  adjacency              Control adjacency formation
  area                   OSPF area parameters
  auto-cost              Calculate OSPF interface cost according to bandwidth
  bfd                    BFD configuration commands
  capability             Enable specific OSPF feature
  compatible             OSPF compatibility list
  default                Set a command to its defaults
  default-information    Control distribution of default information
  default-metric         Set metric of redistributed routes
  discard-route          Enable or disable discard-route installation
  distance               Define an administrative distance
  distribute-list        Filter networks in routing updates
  domain-id              OSPF domain-id 
  domain-tag             OSPF domain-tag
  event-log              OSPF Event Logging
  exit                   Exit from routing protocol configuration mode
  help                   Description of the interactive help system
  ignore                 Do not complain about specific event
  interface-id           Source of the interface ID
  ispf                   Enable incremental SPF computation
  limit                  Limit a specific OSPF feature
  local-rib-criteria     Enable or disable usage of local RIB as route criteria
  log-adjacency-changes  Log changes in adjacency state
  max-lsa                maximum number of LSAs OSPF process will receive
  max-metric             Set maximum metric
  maximum-paths          Forward packets over multiple paths
  mpls                   Configure MPLS routing protocol parameters
  neighbor               Specify a neighbor router
  network                Enable routing on an IP network
  no                     Negate a command or set its defaults
  nsf                    Non-stop forwarding
  passive-interface      Suppress routing updates on an interface
  prefix-suppression     OSPF prefix suppression
  priority               OSPF topology priority
  queue-depth            OSPF Hello/Router process queue depth
  redistribute           Redistribute information from another routing protocol
  router-id              router-id for this OSPF process
  shutdown               Shutdown the OSPF protocol under the current instance
  snmp                   Modify snmp parameters
  summary-address        Configure IP address summaries
  timers                 Adjust routing timers
  traffic-share          How to compute traffic share over alternate paths
  ttl-security           TTL security check
          
R1(config-router)#exit
R1(config)#do ping 192.168.10.3
Type escape sequence to abort.
Sending 5, 100-byte ICMP Echos to 192.168.10.3, timeout is 2 seconds:
.....
Success rate is 0 percent (0/5)
R1(config)#do ping 192.168.10.4
Type escape sequence to abort.
Sending 5, 100-byte ICMP Echos to 192.168.10.4, timeout is 2 seconds:
.....
Success rate is 0 percent (0/5)
R1(config)#exit
R1#sho
*Dec 20 07:56:38.414: %SYS-5-CONFIG_I: Configured from console by consolew 
% Type "show ?" for a list of subcommands
R1#sho run
Building configuration...

Current configuration : 3082 bytes
!
! Last configuration change at 07:56:38 UTC Sun Dec 20 2020
!
version 15.9
service timestamps debug datetime msec
service timestamps log datetime msec
no service password-encryption
!
hostname R1
!
boot-start-marker
boot-end-marker
!
!
!
no aaa new-model
!
!
!
mmi polling-interval 60
no mmi auto-configure
no mmi pvc
mmi snmp-timeout 180
!
!
!
!
!
!
!
!
!
!
!
ip cef
no ipv6 cef
!
multilink bundle-name authenticated
!
!
!
!
!
redundancy
!         
!
! 
!
!
!
!
!
!
!
!
!
!
!
!
interface Loopback0
 ip address 1.1.1.1 255.255.255.255
!
interface GigabitEthernet0/0
 ip address 192.168.10.2 255.255.255.240
 duplex auto
 speed auto
 media-type rj45
!         
interface GigabitEthernet0/1
 ip address 10.1.30.1 255.255.255.0
 duplex auto
 speed auto
 media-type rj45
!
interface GigabitEthernet0/2
 no ip address
 shutdown
 duplex auto
 speed auto
 media-type rj45
!
interface GigabitEthernet0/3
 no ip address
 shutdown
 duplex auto
 speed auto
 media-type rj45
!
router ospf 1
 router-id 1.1.1.1
 network 192.168.10.2 0.0.0.0 area 0
!
ip forward-protocol nd
!
!
no ip http server
no ip http secure-server
!
ipv6 ioam timestamp
!
!
!
control-plane
!
banner exec ^C
**************************************************************************
* IOSv is strictly limited to use for evaluation, demonstration and IOS  *
* education. IOSv is provided as-is and is not supported by Cisco's      *
* Technical Advisory Center. Any use or disclosure, in whole or in part, *
* of the IOSv Software or Documentation to any third party for any       *
* purposes is expressly prohibited except as otherwise authorized by     *
* Cisco in writing.                                                      *
**************************************************************************^C
banner incoming ^C
**************************************************************************
* IOSv is strictly limited to use for evaluation, demonstration and IOS  *
* education. IOSv is provided as-is and is not supported by Cisco's      *
* Technical Advisory Center. Any use or disclosure, in whole or in part, *
* of the IOSv Software or Documentation to any third party for any       *
* purposes is expressly prohibited except as otherwise authorized by     *
* Cisco in writing.                                                      *
**************************************************************************^C
banner login ^C
**************************************************************************
* IOSv is strictly limited to use for evaluation, demonstration and IOS  *
* education. IOSv is provided as-is and is not supported by Cisco's      *
* Technical Advisory Center. Any use or disclosure, in whole or in part, *
* of the IOSv Software or Documentation to any third party for any       *
* purposes is expressly prohibited except as otherwise authorized by     *
* Cisco in writing.                                                      *
**************************************************************************^C
!
line con 0
line aux 0
line vty 0 4
 login
 transport input none
!
no scheduler allocate
!
end

R1#ping 192.168.10.3
Type escape sequence to abort.
Sending 5, 100-byte ICMP Echos to 192.168.10.3, timeout is 2 seconds:
.....
Success rate is 0 percent (0/5)
R1#sh ip int bri
Interface                  IP-Address      OK? Method Status                Protocol
GigabitEthernet0/0         192.168.10.2    YES manual up                    up      
GigabitEthernet0/0.1       unassigned      YES manual deleted               down    
GigabitEthernet0/1         10.1.30.1       YES manual up                    up      
GigabitEthernet0/2         unassigned      YES unset  administratively down down    
GigabitEthernet0/3         unassigned      YES unset  administratively down down    
Loopback0                  1.1.1.1         YES manual up                    up      
R1#
*Dec 20 08:08:51.897: %OSPF-5-ADJCHG: Process 1, Nbr 3.3.3.3 on GigabitEthernet0/0 from LOADING to FULL, Loading Done
*Dec 20 08:08:57.178: %OSPF-5-ADJCHG: Process 1, Nbr 2.2.2.2 on GigabitEthernet0/0 from LOADING to FULL, Loading Done
R1#ping 192.168.10.3
Type escape sequence to abort.
Sending 5, 100-byte ICMP Echos to 192.168.10.3, timeout is 2 seconds:
!!!!!
Success rate is 100 percent (5/5), round-trip min/avg/max = 6/7/10 ms
R1#sho ip ospf nei
R1#sho ip ospf neighbor 

Neighbor ID     Pri   State           Dead Time   Address         Interface
2.2.2.2           1   FULL/DROTHER    00:00:37    192.168.10.3    GigabitEthernet0/0
3.3.3.3           1   FULL/DR         00:00:31    192.168.10.4    GigabitEthernet0/0
R1#sho ip ospf neighbor 

Neighbor ID     Pri   State           Dead Time   Address         Interface
2.2.2.2           1   FULL/DROTHER    00:00:39    192.168.10.3    GigabitEthernet0/0
3.3.3.3           1   FULL/DR         00:00:33    192.168.10.4    GigabitEthernet0/0
R1#

































R1 con0 is now available





Press RETURN to get started.














**************************************************************************
* IOSv is strictly limited to use for evaluation, demonstration and IOS  *
* education. IOSv is provided as-is and is not supported by Cisco's      *
* Technical Advisory Center. Any use or disclosure, in whole or in part, *
* of the IOSv Software or Documentation to any third party for any       *
* purposes is expressly prohibited except as otherwise authorized by     *
* Cisco in writing.                                                      *
**************************************************************************
R1>
R1>en
R1#sho ip osp ne
R1#sho ip osp neighbor 

Neighbor ID     Pri   State           Dead Time   Address         Interface
2.2.2.2           1   FULL/DROTHER    00:00:21    192.168.10.3    GigabitEthernet0/0
3.3.3.3           1   FULL/DR         00:00:15    192.168.10.4    GigabitEthernet0/0
R1#
*Dec 20 08:55:38.361: %OSPF-5-ADJCHG: Process 1, Nbr 3.3.3.3 on GigabitEthernet0/0 from FULL to DOWN, Neighbor Down: Dead timer expired
*Dec 20 08:55:43.959: %OSPF-5-ADJCHG: Process 1, Nbr 2.2.2.2 on GigabitEthernet0/0 from FULL to DOWN, Neighbor Down: Dead timer expired
*Dec 20 08:56:23.737: %OSPF-5-ADJCHG: Process 1, Nbr 3.3.3.3 on GigabitEthernet0/0 from LOADING to FULL, Loading Done
*Dec 20 08:56:27.419: %OSPF-5-ADJCHG: Process 1, Nbr 2.2.2.2 on GigabitEthernet0/0 from LOADING to FULL, Loading Done

































R1 con0 is now available





Press RETURN to get started.



**************************************************************************
* IOSv is strictly limited to use for evaluation, demonstration and IOS  *
* education. IOSv is provided as-is and is not supported by Cisco's      *
* Technical Advisory Center. Any use or disclosure, in whole or in part, *
* of the IOSv Software or Documentation to any third party for any       *
* purposes is expressly prohibited except as otherwise authorized by     *
* Cisco in writing.                                                      *
**************************************************************************
R1>en
R1#wr
Building configuration...
[OK]
R1#
*Dec 20 09:34:11.090: %GRUB-5-CONFIG_WRITING: GRUB configuration is being updated on disk. Please wait...
*Dec 20 09:34:12.019: %GRUB-5-CONFIG_WRITTEN: GRUB configuration was written to disk successfully.
R1#sho ip osp neighbor

Neighbor ID     Pri   State           Dead Time   Address         Interface
2.2.2.2           1   FULL/BDR        00:00:38    192.168.10.3    GigabitEthernet0/0
3.3.3.3           1   FULL/DR         00:00:37    192.168.10.4    GigabitEthernet0/0
R1#sho ip osp neighbor

Neighbor ID     Pri   State           Dead Time   Address         Interface
2.2.2.2           1   FULL/BDR        00:00:32    192.168.10.3    GigabitEthernet0/0
3.3.3.3           1   FULL/DR         00:00:32    192.168.10.4    GigabitEthernet0/0
R1#conf t
Enter configuration commands, one per line.  End with CNTL/Z.
R1(config)#router ospf 1
R1(config-router)#netwrok 1.1.1.1 0.0.0.0 area 0
                      ^
% Invalid input detected at '^' marker.

R1(config-router)#network 1.1.1.1 0.0.0.0 area 0
R1(config-router)#exit
R1(config)#exit
R1#s
*Dec 20 09:49:44.651: %SYS-5-CONFIG_I: Configured from console by console
% Type "show ?" for a list of subcommands
R1#sho ip osp neighbor

Neighbor ID     Pri   State           Dead Time   Address         Interface
2.2.2.2           1   FULL/BDR        00:00:37    192.168.10.3    GigabitEthernet0/0
3.3.3.3           1   FULL/DR         00:00:33    192.168.10.4    GigabitEthernet0/0
R1#

































R1 con0 is now available





Press RETURN to get started.







**************************************************************************
* IOSv is strictly limited to use for evaluation, demonstration and IOS  *
* education. IOSv is provided as-is and is not supported by Cisco's      *
* Technical Advisory Center. Any use or disclosure, in whole or in part, *
* of the IOSv Software or Documentation to any third party for any       *
* purposes is expressly prohibited except as otherwise authorized by     *
* Cisco in writing.                                                      *
**************************************************************************
R1>
R1>
R1>
R1>en
R1#sho ip ospf database

            OSPF Router with ID (1.1.1.1) (Process ID 1)

		Router Link States (Area 0)

Link ID         ADV Router      Age         Seq#       Checksum Link count
1.1.1.1         1.1.1.1         1044        0x8000005F 0x007D4D 2
2.2.2.2         2.2.2.2         274         0x8000005B 0x008B4E 1
3.3.3.3         3.3.3.3         191         0x8000005B 0x004D83 1

		Net Link States (Area 0)

Link ID         ADV Router      Age         Seq#       Checksum
192.168.10.4    3.3.3.3         191         0x80000008 0x00B9E8

		Summary Net Link States (Area 0)

Link ID         ADV Router      Age         Seq#       Checksum
4.4.4.4         2.2.2.2         1293        0x80000002 0x00A67B
4.4.4.4         3.3.3.3         1194        0x80000002 0x008895
5.5.5.5         2.2.2.2         1293        0x80000002 0x00829A
5.5.5.5         3.3.3.3         1194        0x80000002 0x0064B4
192.168.20.0    2.2.2.2         536         0x80000007 0x00AA09
192.168.20.0    3.3.3.3         939         0x80000007 0x009618
192.168.20.4    2.2.2.2         536         0x80000007 0x008C22
192.168.20.4    3.3.3.3         939         0x80000007 0x006447
192.168.30.0    2.2.2.2         1037        0x80000003 0x004E5E
192.168.30.0    3.3.3.3         939         0x80000003 0x003078
R1#sho ip route
Codes: L - local, C - connected, S - static, R - RIP, M - mobile, B - BGP
       D - EIGRP, EX - EIGRP external, O - OSPF, IA - OSPF inter area 
       N1 - OSPF NSSA external type 1, N2 - OSPF NSSA external type 2
       E1 - OSPF external type 1, E2 - OSPF external type 2
       i - IS-IS, su - IS-IS summary, L1 - IS-IS level-1, L2 - IS-IS level-2
       ia - IS-IS inter area, * - candidate default, U - per-user static route
       o - ODR, P - periodic downloaded static route, H - NHRP, l - LISP
       a - application route
       + - replicated route, % - next hop override, p - overrides from PfR

Gateway of last resort is not set

      1.0.0.0/32 is subnetted, 1 subnets
C        1.1.1.1 is directly connected, Loopback0
      4.0.0.0/32 is subnetted, 1 subnets
O IA     4.4.4.4 [110/3] via 192.168.10.4, 00:54:28, GigabitEthernet0/0
                 [110/3] via 192.168.10.3, 00:54:28, GigabitEthernet0/0
      5.0.0.0/32 is subnetted, 1 subnets
O IA     5.5.5.5 [110/4] via 192.168.10.4, 00:53:31, GigabitEthernet0/0
                 [110/4] via 192.168.10.3, 00:53:31, GigabitEthernet0/0
      10.0.0.0/8 is variably subnetted, 2 subnets, 2 masks
C        10.1.30.0/24 is directly connected, GigabitEthernet0/1
L        10.1.30.1/32 is directly connected, GigabitEthernet0/1
      192.168.10.0/24 is variably subnetted, 2 subnets, 2 masks
C        192.168.10.0/28 is directly connected, GigabitEthernet0/0
L        192.168.10.2/32 is directly connected, GigabitEthernet0/0
      192.168.20.0/30 is subnetted, 2 subnets
O IA     192.168.20.0 [110/2] via 192.168.10.3, 01:44:52, GigabitEthernet0/0
O IA     192.168.20.4 [110/2] via 192.168.10.4, 01:44:52, GigabitEthernet0/0
      192.168.30.0/30 is subnetted, 1 subnets
O IA     192.168.30.0 [110/3] via 192.168.10.4, 01:22:21, GigabitEthernet0/0
                      [110/3] via 192.168.10.3, 01:22:21, GigabitEthernet0/0
R1#ping 10.4.30.8
Type escape sequence to abort.
Sending 5, 100-byte ICMP Echos to 10.4.30.8, timeout is 2 seconds:
.....
Success rate is 0 percent (0/5)
R1#ping 192.168.30.2
Type escape sequence to abort.
Sending 5, 100-byte ICMP Echos to 192.168.30.2, timeout is 2 seconds:
!!!!!
Success rate is 100 percent (5/5), round-trip min/avg/max = 14/17/19 ms
R1#conf t
Enter configuration commands, one per line.  End with CNTL/Z.
R1(config)#router ospf 1
R1(config-router)#netw
R1(config-router)#network 10.1.30.0 0.0.0.255
% Incomplete command.

R1(config-router)#network 10.1.30.0 0.0.0.255 area 0
R1(config-router)#exit
R1(config)#exit
R1#
R1#
R1#sho 
*Dec 20 10:53:59.171: %SYS-5-CONFIG_I: Configured from console by console
% Type "show ?" for a list of subcommands
R1#sho ip ospf ne
R1#sho ip ospf neighbor 

Neighbor ID     Pri   State           Dead Time   Address         Interface
2.2.2.2           1   FULL/BDR        00:00:31    192.168.10.3    GigabitEthernet0/0
3.3.3.3           1   FULL/DR         00:00:35    192.168.10.4    GigabitEthernet0/0
R1#ping 10.4.30.8
Type escape sequence to abort.
Sending 5, 100-byte ICMP Echos to 10.4.30.8, timeout is 2 seconds:
!!!!!
Success rate is 100 percent (5/5), round-trip min/avg/max = 17/20/26 ms
R1#

































R1 con0 is now available





Press RETURN to get started.


**************************************************************************
* IOSv is strictly limited to use for evaluation, demonstration and IOS  *
* education. IOSv is provided as-is and is not supported by Cisco's      *
* Technical Advisory Center. Any use or disclosure, in whole or in part, *
* of the IOSv Software or Documentation to any third party for any       *
* purposes is expressly prohibited except as otherwise authorized by     *
* Cisco in writing.                                                      *
**************************************************************************
R1>
R1>
R1>en
R1#debug ip ospf ?
  <1-65535>       Process ID number
  adj             OSPF adjacency
  capability      OSPF capability
  database-timer  OSPF database timer
  demand-circuit  OSPF demand-circuit negotiation
  events          OSPF miscellaneous events
  flood           OSPF flooding
  ha              OSPF high availability
  hello           OSPF hello
  lsa-generation  OSPF LSA generation
  monitor         OSPF SPF monitoring
  mpls            OSPF MPLS
  nsf             OSPF non-stop forwarding
  nsr             OSPF non-stop routing
  packet          OSPF received packets
  rib             OSPF RIB
  scheduler       OSPF process scheduling
  snmp            OSPF snmp
  spf             OSPF SPF

R1#debug ip ospf adj
OSPF adjacency debugging is on
R1#show ip route 5.5.5.5
Routing entry for 5.5.5.5/32
  Known via "ospf 1", distance 110, metric 4, type inter area
  Last update from 192.168.10.4 on GigabitEthernet0/0, 01:30:29 ago
  Routing Descriptor Blocks:
    192.168.10.4, from 3.3.3.3, 01:30:29 ago, via GigabitEthernet0/0
      Route metric is 4, traffic share count is 1
  * 192.168.10.3, from 2.2.2.2, 01:30:29 ago, via GigabitEthernet0/0
      Route metric is 4, traffic share count is 1
R1#conf t
Enter configuration commands, one per line.  End with CNTL/Z.
R1(config)#ip ospf ?
  name-lookup  Display OSPF router ids as DNS names

R1(config)#ip ospf cos
R1(config)#exit        
R1#sh
*Dec 20 11:21:03.723: %SYS-5-CONFIG_I: Configured from console by console 
% Type "show ?" for a list of subcommands
R1#sho ip ospf
 Routing Process "ospf 1" with ID 1.1.1.1
 Start time: 12:39:58.402, Time elapsed: 1d15h
 Supports only single TOS(TOS0) routes
 Supports opaque LSA
 Supports Link-local Signaling (LLS)
 Supports area transit capability
 Supports NSSA (compatible with RFC 3101)
 Supports Database Exchange Summary List Optimization (RFC 5243)
 Event-log enabled, Maximum number of events: 1000, Mode: cyclic
 Router is not originating router-LSAs with maximum metric
 Initial SPF schedule delay 5000 msecs
 Minimum hold time between two consecutive SPFs 10000 msecs
 Maximum wait time between two consecutive SPFs 10000 msecs
 Incremental-SPF disabled
 Minimum LSA interval 5 secs
 Minimum LSA arrival 1000 msecs
 LSA group pacing timer 240 secs
 Interface flood pacing timer 33 msecs
 Retransmission pacing timer 66 msecs
 EXCHANGE/LOADING adjacency limit: initial 300, process maximum 300
 Number of external LSA 0. Checksum Sum 0x000000
 Number of opaque AS LSA 0. Checksum Sum 0x000000
 Number of DCbitless external and opaque AS LSA 0
 Number of DoNotAge external and opaque AS LSA 0
 Number of areas in this router is 1. 1 normal 0 stub 0 nssa
 Number of areas transit capable is 0
 External flood list length 0
 IETF NSF helper support enabled
 Cisco NSF helper support enabled
 Reference bandwidth unit is 100 mbps
    Area BACKBONE(0)
        Number of interfaces in this area is 3 (1 loopback)
	Area has no authentication
	SPF algorithm last executed 00:26:32.106 ago
	SPF algorithm executed 33 times
	Area ranges are
	Number of LSA 16. Checksum Sum 0x078BCB
	Number of opaque link LSA 0. Checksum Sum 0x000000
	Number of DCbitless LSA 0
	Number of indication LSA 0
	Number of DoNotAge LSA 0
	Flood list length 0

R1#sho ip nei
R1#sho ip ospf nei
R1#sho ip ospf neighbor 

Neighbor ID     Pri   State           Dead Time   Address         Interface
2.2.2.2           1   FULL/BDR        00:00:32    192.168.10.3    GigabitEthernet0/0
3.3.3.3           1   FULL/DR         00:00:34    192.168.10.4    GigabitEthernet0/0
R1#conf t
Enter configuration commands, one per line.  End with CNTL/Z.
R1(config)#router ospf 1
R1(config-router)#exit
R1(config)#exit
R1#
*Dec 20 11:26:29.309: %SYS-5-CONFIG_I: Configured from console by console

































R1 con0 is now available





Press RETURN to get started.














**************************************************************************
* IOSv is strictly limited to use for evaluation, demonstration and IOS  *
* education. IOSv is provided as-is and is not supported by Cisco's      *
* Technical Advisory Center. Any use or disclosure, in whole or in part, *
* of the IOSv Software or Documentation to any third party for any       *
* purposes is expressly prohibited except as otherwise authorized by     *
* Cisco in writing.                                                      *
**************************************************************************
R1>
R1>
R1>
R1>en
R1#show ip ospf neig
R1#show ip ospf neighbor 

Neighbor ID     Pri   State           Dead Time   Address         Interface
2.2.2.2           1   FULL/BDR        00:00:37    192.168.10.3    GigabitEthernet0/0
3.3.3.3           1   FULL/DR         00:00:33    192.168.10.4    GigabitEthernet0/0
R1#conf t
Enter configuration commands, one per line.  End with CNTL/Z.
R1(config)#router ospf 1
R1(config-router)#neig
R1(config-router)#neighbor ?
  A.B.C.D  Neighbor address

R1(config-router)#neighbor 2.2.2.2 ?
  cost             OSPF cost for point-to-multipoint neighbor
  database-filter  Filter OSPF LSA during synchronization and flooding for
                   point-to-multipoint neighbor
  poll-interval    OSPF dead-router polling interval of non-broadcast neighbor
  priority         OSPF priority of non-broadcast neighbor
  <cr>             <cr>

R1(config-router)#neighbor 2.2.2.2 cost ?
  <1-65535>  metric

R1(config-router)#neighbor 3.3.3.3 cost 7
R1(config-router)#exit
R1(config)#router ospf 1          
R1(config-router)#neighbor 2.2.2.2 cost 5
R1(config-router)#exit
R1(config)#exit                   
R1#show 
*Dec 20 11:44:46.802: %SYS-5-CONFIG_I: Configured from console by consoleip ospf database

            OSPF Router with ID (1.1.1.1) (Process ID 1)

		Router Link States (Area 0)

Link ID         ADV Router      Age         Seq#       Checksum Link count
1.1.1.1         1.1.1.1         873         0x80000063 0x008DFE 3
2.2.2.2         2.2.2.2         80          0x8000005E 0x004982 1
3.3.3.3         3.3.3.3         372         0x8000005D 0x00E271 1

		Net Link States (Area 0)

Link ID         ADV Router      Age         Seq#       Checksum
192.168.10.4    3.3.3.3         2033        0x80000009 0x00B7E9

		Summary Net Link States (Area 0)

Link ID         ADV Router      Age         Seq#       Checksum
4.4.4.4         2.2.2.2         1091        0x80000004 0x00A27D
4.4.4.4         3.3.3.3         1024        0x80000004 0x008497
5.5.5.5         2.2.2.2         1091        0x80000004 0x007E9C
5.5.5.5         3.3.3.3         1024        0x80000004 0x0060B6
10.4.30.0       2.2.2.2         1091        0x80000002 0x006B99
10.4.30.0       3.3.3.3         1024        0x80000002 0x004DB3
192.168.20.0    2.2.2.2         336         0x80000009 0x00A60B
192.168.20.0    3.3.3.3         762         0x80000009 0x00921A
192.168.20.4    2.2.2.2         336         0x80000009 0x008824
192.168.20.4    3.3.3.3         762         0x80000009 0x006049
192.168.30.0    2.2.2.2         834         0x80000005 0x004A60
192.168.30.0    3.3.3.3         762         0x80000005 0x002C7A
R1#sho ip ospf int
Loopback0 is up, line protocol is up 
  Internet Address 1.1.1.1/32, Area 0, Attached via Network Statement
  Process ID 1, Router ID 1.1.1.1, Network Type LOOPBACK, Cost: 1
  Topology-MTID    Cost    Disabled    Shutdown      Topology Name
        0           1         no          no            Base
  Loopback interface is treated as a stub Host
GigabitEthernet0/1 is up, line protocol is up 
  Internet Address 10.1.30.1/24, Area 0, Attached via Network Statement
  Process ID 1, Router ID 1.1.1.1, Network Type BROADCAST, Cost: 1
  Topology-MTID    Cost    Disabled    Shutdown      Topology Name
        0           1         no          no            Base
  Transmit Delay is 1 sec, State DR, Priority 1
  Designated Router (ID) 1.1.1.1, Interface address 10.1.30.1
  No backup designated router on this network
  Timer intervals configured, Hello 10, Dead 40, Wait 40, Retransmit 5
    oob-resync timeout 40
    Hello due in 00:00:08
  Supports Link-local Signaling (LLS)
  Cisco NSF helper support enabled
  IETF NSF helper support enabled
  Index 1/3/3, flood queue length 0
  Next 0x0(0)/0x0(0)/0x0(0)
  Last flood scan length is 0, maximum is 0
  Last flood scan time is 0 msec, maximum is 0 msec
  Neighbor Count is 0, Adjacent neighbor count is 0 
  Suppress hello for 0 neighbor(s)
GigabitEthernet0/0 is up, line protocol is up 
  Internet Address 192.168.10.2/28, Area 0, Attached via Network Statement
  Process ID 1, Router ID 1.1.1.1, Network Type BROADCAST, Cost: 1
  Topology-MTID    Cost    Disabled    Shutdown      Topology Name
        0           1         no          no            Base
  Transmit Delay is 1 sec, State DROTHER, Priority 1
  Designated Router (ID) 3.3.3.3, Interface address 192.168.10.4
  Backup Designated router (ID) 2.2.2.2, Interface address 192.168.10.3
  Timer intervals configured, Hello 10, Dead 40, Wait 40, Retransmit 5
    oob-resync timeout 40
    Hello due in 00:00:01
  Supports Link-local Signaling (LLS)
  Cisco NSF helper support enabled
  IETF NSF helper support enabled
  Index 1/1/1, flood queue length 0
  Next 0x0(0)/0x0(0)/0x0(0)
  Last flood scan length is 0, maximum is 2
  Last flood scan time is 1 msec, maximum is 1 msec
  Neighbor Count is 2, Adjacent neighbor count is 2 
    Adjacent with neighbor 2.2.2.2  (Backup Designated Router)
    Adjacent with neighbor 3.3.3.3  (Designated Router)
  Suppress hello for 0 neighbor(s)
R1#

































R1 con0 is now available





Press RETURN to get started.










**************************************************************************
* IOSv is strictly limited to use for evaluation, demonstration and IOS  *
* education. IOSv is provided as-is and is not supported by Cisco's      *
* Technical Advisory Center. Any use or disclosure, in whole or in part, *
* of the IOSv Software or Documentation to any third party for any       *
* purposes is expressly prohibited except as otherwise authorized by     *
* Cisco in writing.                                                      *
**************************************************************************
R1>
R1>
R1>
R1>en
R1#show ip ospf int
Loopback0 is up, line protocol is up 
  Internet Address 1.1.1.1/32, Area 0, Attached via Network Statement
  Process ID 1, Router ID 1.1.1.1, Network Type LOOPBACK, Cost: 1
  Topology-MTID    Cost    Disabled    Shutdown      Topology Name
        0           1         no          no            Base
  Loopback interface is treated as a stub Host
GigabitEthernet0/1 is up, line protocol is up 
  Internet Address 10.1.30.1/24, Area 0, Attached via Network Statement
  Process ID 1, Router ID 1.1.1.1, Network Type BROADCAST, Cost: 1
  Topology-MTID    Cost    Disabled    Shutdown      Topology Name
        0           1         no          no            Base
  Transmit Delay is 1 sec, State DR, Priority 1
  Designated Router (ID) 1.1.1.1, Interface address 10.1.30.1
  No backup designated router on this network
  Timer intervals configured, Hello 10, Dead 40, Wait 40, Retransmit 5
    oob-resync timeout 40
    Hello due in 00:00:04
  Supports Link-local Signaling (LLS)
  Cisco NSF helper support enabled
  IETF NSF helper support enabled
  Index 1/3/3, flood queue length 0
  Next 0x0(0)/0x0(0)/0x0(0)
  Last flood scan length is 0, maximum is 0
  Last flood scan time is 0 msec, maximum is 0 msec
  Neighbor Count is 0, Adjacent neighbor count is 0 
  Suppress hello for 0 neighbor(s)
GigabitEthernet0/0 is up, line protocol is up 
  Internet Address 192.168.10.2/28, Area 0, Attached via Network Statement
  Process ID 1, Router ID 1.1.1.1, Network Type BROADCAST, Cost: 1
  Topology-MTID    Cost    Disabled    Shutdown      Topology Name
        0           1         no          no            Base
  Transmit Delay is 1 sec, State DROTHER, Priority 1
  Designated Router (ID) 3.3.3.3, Interface address 192.168.10.4
  Backup Designated router (ID) 2.2.2.2, Interface address 192.168.10.3
  Timer intervals configured, Hello 10, Dead 40, Wait 40, Retransmit 5
    oob-resync timeout 40
    Hello due in 00:00:08
  Supports Link-local Signaling (LLS)
  Cisco NSF helper support enabled
  IETF NSF helper support enabled
  Index 1/1/1, flood queue length 0
  Next 0x0(0)/0x0(0)/0x0(0)
  Last flood scan length is 0, maximum is 2
  Last flood scan time is 0 msec, maximum is 1 msec
  Neighbor Count is 2, Adjacent neighbor count is 2 
    Adjacent with neighbor 2.2.2.2  (Backup Designated Router)
    Adjacent with neighbor 3.3.3.3  (Designated Router)
  Suppress hello for 0 neighbor(s)
R1#

































R1 con0 is now available





Press RETURN to get started.














**************************************************************************
* IOSv is strictly limited to use for evaluation, demonstration and IOS  *
* education. IOSv is provided as-is and is not supported by Cisco's      *
* Technical Advisory Center. Any use or disclosure, in whole or in part, *
* of the IOSv Software or Documentation to any third party for any       *
* purposes is expressly prohibited except as otherwise authorized by     *
* Cisco in writing.                                                      *
**************************************************************************
R1>en
R1#show ip ospf int
Loopback0 is up, line protocol is up 
  Internet Address 1.1.1.1/32, Area 0, Attached via Network Statement
  Process ID 1, Router ID 1.1.1.1, Network Type LOOPBACK, Cost: 1
  Topology-MTID    Cost    Disabled    Shutdown      Topology Name
        0           1         no          no            Base
  Loopback interface is treated as a stub Host
GigabitEthernet0/1 is up, line protocol is up 
  Internet Address 10.1.30.1/24, Area 0, Attached via Network Statement
  Process ID 1, Router ID 1.1.1.1, Network Type BROADCAST, Cost: 1
  Topology-MTID    Cost    Disabled    Shutdown      Topology Name
        0           1         no          no            Base
  Transmit Delay is 1 sec, State DR, Priority 1
  Designated Router (ID) 1.1.1.1, Interface address 10.1.30.1
  No backup designated router on this network
  Timer intervals configured, Hello 10, Dead 40, Wait 40, Retransmit 5
    oob-resync timeout 40
    Hello due in 00:00:02
  Supports Link-local Signaling (LLS)
  Cisco NSF helper support enabled
  IETF NSF helper support enabled
  Index 1/3/3, flood queue length 0
  Next 0x0(0)/0x0(0)/0x0(0)
  Last flood scan length is 0, maximum is 0
  Last flood scan time is 0 msec, maximum is 0 msec
  Neighbor Count is 0, Adjacent neighbor count is 0 
  Suppress hello for 0 neighbor(s)
GigabitEthernet0/0 is up, line protocol is up 
  Internet Address 192.168.10.2/28, Area 0, Attached via Network Statement
  Process ID 1, Router ID 1.1.1.1, Network Type BROADCAST, Cost: 1
  Topology-MTID    Cost    Disabled    Shutdown      Topology Name
        0           1         no          no            Base
  Transmit Delay is 1 sec, State DROTHER, Priority 1
  Designated Router (ID) 3.3.3.3, Interface address 192.168.10.4
  Backup Designated router (ID) 2.2.2.2, Interface address 192.168.10.3
  Timer intervals configured, Hello 10, Dead 40, Wait 40, Retransmit 5
    oob-resync timeout 40
    Hello due in 00:00:03
  Supports Link-local Signaling (LLS)
  Cisco NSF helper support enabled
  IETF NSF helper support enabled
  Index 1/1/1, flood queue length 0
  Next 0x0(0)/0x0(0)/0x0(0)
  Last flood scan length is 0, maximum is 2
  Last flood scan time is 2 msec, maximum is 2 msec
  Neighbor Count is 2, Adjacent neighbor count is 2 
    Adjacent with neighbor 2.2.2.2  (Backup Designated Router)
    Adjacent with neighbor 3.3.3.3  (Designated Router)
  Suppress hello for 0 neighbor(s)
R1#

































R1 con0 is now available





Press RETURN to get started.


**************************************************************************
* IOSv is strictly limited to use for evaluation, demonstration and IOS  *
* education. IOSv is provided as-is and is not supported by Cisco's      *
* Technical Advisory Center. Any use or disclosure, in whole or in part, *
* of the IOSv Software or Documentation to any third party for any       *
* purposes is expressly prohibited except as otherwise authorized by     *
* Cisco in writing.                                                      *
**************************************************************************
R1>en
R1#wr
Building configuration...
[OK]
R1#
*Dec 20 12:50:50.478: %GRUB-5-CONFIG_WRITING: GRUB configuration is being updated on disk. Please wait...
*Dec 20 12:50:51.342: %GRUB-5-CONFIG_WRITTEN: GRUB configuration was written to disk successfully.

































R1 con0 is now available





Press RETURN to get started.













**************************************************************************
* IOSv is strictly limited to use for evaluation, demonstration and IOS  *
* education. IOSv is provided as-is and is not supported by Cisco's      *
* Technical Advisory Center. Any use or disclosure, in whole or in part, *
* of the IOSv Software or Documentation to any third party for any       *
* purposes is expressly prohibited except as otherwise authorized by     *
* Cisco in writing.                                                      *
**************************************************************************
R1>
R1>
R1>enable
R1#terminal length 0
R1#more system:running-config
!
! Last configuration change at 11:44:46 UTC Sun Dec 20 2020
!
version 15.9
service timestamps debug datetime msec
service timestamps log datetime msec
no service password-encryption
!
hostname R1
!
boot-start-marker
boot-end-marker
!
!
!
no aaa new-model
!
!
!
mmi polling-interval 60
no mmi auto-configure
no mmi pvc
mmi snmp-timeout 180
!
!
!
!
!
!
!
!
!
!
!
ip cef
no ipv6 cef
!
multilink bundle-name authenticated
!
!
!
!
!
redundancy
!
!
! 
!
!
!
!
!
!
!
!
!
!
!
!
interface Loopback0
 ip address 1.1.1.1 255.255.255.255
!
interface GigabitEthernet0/0
 ip address 192.168.10.2 255.255.255.240
 duplex auto
 speed auto
 media-type rj45
!
interface GigabitEthernet0/1
 ip address 10.1.30.1 255.255.255.0
 duplex auto
 speed auto
 media-type rj45
!
interface GigabitEthernet0/2
 no ip address
 shutdown
 duplex auto
 speed auto
 media-type rj45
!
interface GigabitEthernet0/3
 no ip address
 shutdown
 duplex auto
 speed auto
 media-type rj45
!
router ospf 1
 router-id 1.1.1.1
 network 1.1.1.1 0.0.0.0 area 0
 network 10.1.30.0 0.0.0.255 area 0
 network 192.168.10.2 0.0.0.0 area 0
 neighbor 2.2.2.2 cost 5
 neighbor 3.3.3.3 cost 7
!
ip forward-protocol nd
!
!
no ip http server
no ip http secure-server
!
ipv6 ioam timestamp
!
!
!
control-plane
!
banner exec ^C
**************************************************************************
* IOSv is strictly limited to use for evaluation, demonstration and IOS  *
* education. IOSv is provided as-is and is not supported by Cisco's      *
* Technical Advisory Center. Any use or disclosure, in whole or in part, *
* of the IOSv Software or Documentation to any third party for any       *
* purposes is expressly prohibited except as otherwise authorized by     *
* Cisco in writing.                                                      *
**************************************************************************^C
banner incoming ^C
**************************************************************************
* IOSv is strictly limited to use for evaluation, demonstration and IOS  *
* education. IOSv is provided as-is and is not supported by Cisco's      *
* Technical Advisory Center. Any use or disclosure, in whole or in part, *
* of the IOSv Software or Documentation to any third party for any       *
* purposes is expressly prohibited except as otherwise authorized by     *
* Cisco in writing.                                                      *
**************************************************************************^C
banner login ^C
**************************************************************************
* IOSv is strictly limited to use for evaluation, demonstration and IOS  *
* education. IOSv is provided as-is and is not supported by Cisco's      *
* Technical Advisory Center. Any use or disclosure, in whole or in part, *
* of the IOSv Software or Documentation to any third party for any       *
* purposes is expressly prohibited except as otherwise authorized by     *
* Cisco in writing.                                                      *
**************************************************************************^C
!
line con 0
line aux 0
line vty 0 4
 login
 transport input none
!
no scheduler allocate
!
end

R1#quit





























































R1 con0 is now available





Press RETURN to get started.




Connection closed by foreign host.
spawn@mydebian:~/.ssh$ 

