  map-list                    Configure static map list
  media-proxy                 Global media proxy configuration
  mediatrace                  Mediatrace Application
  memory                      Configure memory management
  memory-size                 Adjust memory size by percentage
  menu                        Define a user-interface menu
  metadata                    Metadata Application
  microcode                   configure microcode
  mmi                         Configure mmi for auto provisioning
  modemcap                    Modem Capabilities database
  monitor                     Monitoring different system events
  mop                         Configure the DEC MOP Server
  mpls                        Configure MPLS parameters
  multilink                   PPP multilink global configuration
  nat64                       NAT64 configuration commands
  ncia                        Native Client Interface Architecture
  netbios                     NETBIOS access control filtering
  netconf                     Configure NETCONF
  nmsp                        NMSP configuration commands
  no                          Negate a command or set its defaults
  ntp                         Configure NTP
  object-group                Configure ACL Object Group
  onep                        ONEP functionality
  parameter-map               parameter map
  parser                      Configure parser
  password                    Configure encryption password (key)
  performance                 Global Performance monitor configuration
  pfr                         Performance Routing configuration submodes
  pfr-map                     Create pfr-map and enter pfr-map command mode
  pnp                         Configure PNP
  policy-map                  Configure Policy Map
  ppp                         PPP global configuration
  printer                     Define an LPD printer
  privilege                   Command privilege parameters
  process                     Configure process
  process-max-time            Maximum time for process to run before
                              voluntarily relinquishing processor
  profile                     MSP Profile
  prompt                      Set system's prompt
  pseudowire-class            Pseudowire-class configuration
  qos                         Global QoS configuration subcommands
  rbe                         Commands for Routing RFC 1483 Ethernet
                              encapsulated packets
  redundancy                  Enter redundancy mode
  regexp                      regexp commands
  resource                    Configure Embedded Resource Manager (ERM)
  resume-string               Define a host-specific resume string
  rif                         Source-route RIF cache
  rlogin                      Rlogin configuration commands
  rmon                        Remote Monitoring
  route-map                   Create route-map or enter route-map command mode
  route-tag                   Route Tag
  router                      Enable a routing process
  rsrb                        RSRB LSAP/DSAP filtering
  sampler                     Define a Sampler
  sap-priority-list           Establish queueing priorities based on SAP and/or
                              MAC address(es)
  sasl                        Configure SASL
  scheduler                   Scheduler parameters
  scripting                   Configure options for scripting languages
  secure                      Secure image and configuration archival commands
  security                    Infra Security CLIs
  service                     Modify use of network based services
  service-instance            Configure a Static Service
  service-list                Enter the service list
  service-routing             Configure service-routing 
  service-routing             Configure service-routing 
  shell                       Configure shell command
  signaling-class             Configure signaling class
  sna                         Network Management Physical Unit Command
  snmp                        Modify non engine SNMP parameters
  snmp-server                 Modify SNMP engine parameters
  sntp                        Configure SNTP
  source-bridge               Source-route bridging ring groups
  spanning-tree               Spanning Tree Subsystem
  stackmaker                  Specify stack name and add its member
  stacks                      Configure stacks
  standby                     Global HSRP configuration commands
  state-machine               Define a TCP dispatch state machine
  stun                        STUN global configuration commands
  subscriber                  Subscriber configuration
  subscriber-policy           Subscriber policy
  table-map                   Configure Table Map
  tacacs-server               Modify TACACS query parameters
  tarp                        Global TARP configuration subcommands
  template                    Select a template to configure
  terminal-queue              Terminal queue commands
  tftp-server                 Provide TFTP service for netload requests
  time-range                  Define time range entries
  tn3270                      tn3270 configuration command
  track                       Object tracking configuration commands
  translate                   Translate global configuration commands
  trunk                       Global trunk configuration
  ttycap                      Define a new termcap
  user-group                  User Group Configuration Commands
  username                    Establish User Name Authentication
  utd                         Global UTD
  vc-group                    Define a Frame Relay VC group
  video                       Video
  virtual-profile             Virtual Profile configuration
  virtual-template            Virtual Template configuration
  vlan                        VLAN commands
  vofm                        Enable VO Flow Manager
  vpdn                        Virtual Private Dialup Network
  vpdn-group                  VPDN group configuration
  vpdn-template               vpdn-template configuration
  vrf                         VRF commands
  vty-async                   Enable virtual async line configuration
  waas                        IOS Wide Area Application Services
  webvpn                      SSL VPN Commands
  wsma                        Configure Web Services Management Agents
  x25                         X.25 Level 3
  x29                         X29 commands
  xconnect                    Xconnect config commands
  xot                         Global XOT commands
  zone                        FW with zoning
  zone-pair                   Zone pair command

Router1(config)# inter
Router1(config)# interface ?
  Async              Async interface
  Auto-Template      Auto-Template interface
  BDI                Bridge-Domain interface
  BVI                Bridge-Group Virtual Interface
  CDMA-Ix            CDMA Ix interface
  CTunnel            CTunnel interface
  Dialer             Dialer interface
  GMPLS              MPLS interface
  GigabitEthernet    GigabitEthernet IEEE 802.3z
  Group-Async        Async Group interface
  LISP               Locator/ID Separation Protocol Virtual Interface
  LongReachEthernet  Long-Reach Ethernet interface
  Loopback           Loopback interface
  Lspvif             LSP virtual interface
  MFR                Multilink Frame Relay bundle interface
  Multilink          Multilink-group interface
  Null               Null interface
  Pseudowire         Pseudowire Interface
  Tunnel             Tunnel interface
  Vif                PGM Multicast Host interface
  Virtual-PPP        Virtual PPP interface
  Virtual-Template   Virtual Template interface
  Virtual-TokenRing  Virtual TokenRing
  range              interface range command
  vmi                Virtual Multipoint Interface

Router1(config)# interface GigabitEthernet0/0.100
Router1(config-subif)#?
Interface configuration commands:
  aaa              Authentication, Authorization and Accounting.
  arp              Set arp type (arpa, probe, snap), timeout, log options or
                   packet priority
  backup           Modify backup parameters
  bandwidth        Set bandwidth informational parameter
  bfd              BFD interface configuration commands
  bgp-policy       Apply policy propagated by bgp community string
  bridge-group     Transparent bridging interface parameters
  cdp              CDP interface subcommands
  clns             CLNS interface subcommands
  crypto           Encryption/Decryption commands
  cts              Configure Cisco Trusted Security
  cws              Configure Cloud Web Security
  decnet           Interface DECnet config commands
  default          Set a command to its defaults
  delay            Specify interface throughput delay
  description      Interface specific description
  dlsw             DLSw interface subcommands
  domain           Specify a domain
  dspu             Down Stream PU
  encapsulation    Set encapsulation type for an interface
  eou              EAPoUDP Interface Configuration Commands
  ethernet         Ethernet interface parameters
  exit             Exit from interface configuration mode
  fhrp             Configure FHRP
  flow-sampler     Attach flow sampler to the interface
  fras             DLC Switch Interface Command
  glbp             Gateway Load Balancing Protocol interface commands
  ip               Interface Internet Protocol config commands
  ipv6             IPv6 interface subcommands
  isis             IS-IS commands
  iso-igrp         ISO-IGRP interface subcommands
  keepalive        Enable keepalive
  lat              LAT commands
  lisp             Locator/ID Separation Protocol
  llc2             LLC2 Interface Subcommands
  lldp             LLDP interface subcommands
  logging          Configure logging for interface
  mpls             Configure MPLS interface parameters
  mtu              Set the interface Maximum Transmission Unit (MTU)
  nat64            NAT64 interface commands
  netbios          Use a defined NETBIOS access list or enable name-caching
  no               Negate a command or set its defaults
  ntp              Configure NTP
  onep             Configure onep settings
  ospfv3           OSPFv3 interface commands
  performance      Global performance monitor configuration
  pppoe            pppoe interface subcommands
  pppoe-client     pppoe client
  rate-limit       Rate Limit
  redundancy       RG redundancy interface config
  routing          Per-interface routing configuration
  service-policy   Configure CPL Service Policy
  service-routing  Service Routing in Interface Mode
  shutdown         Shutdown the selected interface
  sna              SNA pu configuration
  snapshot         Configure snapshot support on the interface
  snmp             Modify SNMP interface parameters
  source           Get config from another source
  srlg             Interface Shared Risk Link Group config commands
  standby          HSRP interface configuration commands
  tarp             TARP interface subcommands
  timeout          Define timeout values for this interface
  topology         Configure routing topology on the interface
  user-group       Interface-User-group Association
  utd              UTD support on this interface
  vrf              VPN Routing/Forwarding parameters on the interface
  vrrp             VRRP Interface configuration commands
  waas             WAN Optimization
  xconnect         Xconnect commands
  zone-member      Apply zone name

Router1(config-subif)#enca                             
Router1(config-subif)#encapsulation ?
  dot1Q            IEEE 802.1Q Virtual LAN
  isl              Inter Switch Link - Virtual LAN encapsulation
  priority-tagged  Priority-tagged (VLAN 0)

Router1(config-subif)#encapsulation dot1Q
% Incomplete command.

Router1(config-subif)#encapsulation dot1Q ?
  <1-4094>  IEEE 802.1Q VLAN ID

Router1(config-subif)#encapsulation dot1Q vlan 100
                                          ^
% Invalid input detected at '^' marker.

Router1(config-subif)#exit                        
Router1(config)#exit
Router1#
*Dec  6 19:13:57.081: %SYS-5-CONFIG_I: Configured from console by consoles  
% Type "show ?" for a list of subcommands
Router1#show ?
  aaa                       Show AAA values
  access-expression         List access expression
  access-lists              List access lists
  acircuit                  Access circuit info
  adjacency                 Adjacent nodes
  aliases                   Display alias commands
  alps                      Alps information
  appfw                     Application Firewall information
  application               Application Routing
  archive                   Archive functions
  arp                       ARP table
  async                     Information on terminal lines used as router
                            interfaces
  authentication            Shows Auth Manager registrations or sessions
  auto                      Show Automation Template
  backhaul-session-manager  Backhaul Session Manager information
  backup                    Backup status
  banner                    Display banner information
  beep                      Show BEEP information
  bfd                       BFD protocol info
  bgp                       BGP information
  bootvar                   Boot and related environment variable
  bridge                    Bridge Forwarding/Filtering Database [verbose]
  bridge-domain             Bridge-domain
  bsc                       BSC interface information
  bstun                     BSTUN interface information
  buffers                   Buffer pool statistics
  bulkstat                  Bulkstat show commands
  cache                     Shows Device-Sensor Cache Informations 
  calendar                  Display the hardware calendar
  call                      Show call
  caller                    Display information about dialup connections
  capability                Capability Information
  cca                       CCA information
  cce                       Common Classification Engine (CCE)
  cdp                       CDP information
  cef                       CEF address family independent status
  checkpoint                Checkpoint Facility (CF)
  class-map                 Show CPL Class Map
  clns                      CLNS network information
  clock                     Display the system clock
  cls                       DLC user information
  cns                       CNS agents
  compress                  Show compression statistics
  configuration             Contents of Non-Volatile memory
  connection                Show Connection
  control-plane             Control Plane information
  controllers               Interface controller status
  cops                      COPS information
  crm                       Carrier Resource Manager info
  crypto                    Encryption module
  csdb                      Show CSDB Information
  cts                       Cisco Trusted Security information
  cws                       Shows Cloud Web Security information
  dampening                 Display dampening information 
  data-corruption           Show data errors
  database                  Show Database
  dcm                       Data Collection Manager Core Details
  debugging                 State of each debugging option
  decnet                    DECnet information
  derived-config            Derived operating configuration
  device-sensor             Shows Device Sensor Information 
  dhcp                      Dynamic Host Configuration Protocol status
  dialer                    Dialer parameters and statistics
  dlsw                      Data Link Switching information
  dmvpn                     Display DMVPN session related information
  dnsix                     Shows Dnsix/DMDP information
  domain                    Domain Show Commands
  dot1x                     Dot1x information
  drip                      DRiP DB
  dspu                      Display DSPU information
  dxi                       atm-dxi information
  eap                       Shows EAP registration/session information
  ecfmpal                   Show ECFM Commands
  eigrp                     EIGRP show commands
  entry                     Queued terminal entries
  eou                       EAPoUDP
  epm                       EPM information
  ethernet                  Ethernet parameters
  event                     Embedded event related commands
  event-manager             Event manager information
  exception                 exception information
  fallback                  Display Fallback configuration
  fastblk                   fastblk memory information
  fhrp                      FHRP information
  file                      Show filesystem information
  flash0:                   display information about flash0: file system
  flash1:                   display information about flash1: file system
  flash2:                   display information about flash2: file system
  flash3:                   display information about flash3: file system
  flash:                    display information about flash: file system
  flow                      Flow information
  flow-sampler              Display the flow samplers configured
  format                    Show format information
  frame-relay               Frame-Relay information
  fras                      FRAS Information
  fras-host                 FRAS Host Information
  funi                      FUNI information
  glbp                      GLBP information
  hardware                  Hardware specific information
  history                   Display the session command history
  hosts                     IP domain-name, lookup style, nameservers, and host
                            table
  html                      HTML helper commands
  http                      Display HTTP info
  id-manager                ID pool manager
  idb                       List of Interface Descriptor Blocks
  identity                  Identity profiles and policies
  idmgr                     IDMGR interaction
  if-mgr                    if-mgr information
  interfaces                Interface status and configuration
  inventory                 Show the physical inventory
  ip                        IP information
  ipam                      IP Addr Mgr (IPAM) information
  ipc                       Interprocess communications commands
  iphc-profile              Show IPHC Profile
  ipv6                      IPv6 information
  isis                      IS-IS routing information
  kerberos                  Show Kerberos Values
  key                       Key information
  keymap                    Terminal keyboard mappings
  keystore                  Show keystore information
  kron                      Kron Subsystem
  l3vpn                     l3vpn encapsulation ip commands
  l4f                       L4F details
  lat                       DEC LAT information
  line                      TTY line information
  lisp                      Locator/ID Separation Protocol
  llc2                      IBM LLC2 circuit information
  lldp                      LLDP information
  local-ack                 Local Acknowledgement virtual circuits
  location                  Display the system location
  logging                   Show the contents of logging buffers
  login                     Display Secure Login Configurations and State
  mab                       MAB information
  macdb                     show MAC database
  management                Display the management applications
  mdns                      MDNS feature
  mediatrace                Mediatrace show commands
  memory                    Memory statistics
  mfib                      MFIB address family independent status
  mmi                       mmi configuration
  modemcap                  Show Modem Capabilities database
  monitor                   Monitoring different system events
  mpls                      MPLS information
  mtm                       MTM
  mwi                       mwi related information
  nat64                     NAT64 information
  nbf                       NBF (NetBEUI) information
  ncia                      Native Client Interface Architecture
  netbios-cache             NetBIOS name cache contents
  netconf                   Show NETCONF information
  nhrp                      Display NHRP related information
  nmsp                      nmsp show commands
  node                      Show known LAT nodes
  ntp                       Network time protocol
  object-group              List object groups
  odb                       Opaque Database
  odm-format                Show the schema used for ODM input file
  onep                      ONEP related commands
  ospfv3                    OSPFv3 information
  parameter-map             parameter map information
  parser                    Display parser information
  pas                       Port Adaptor Information
  pci                       PCI Information
  performance               Media Monitor show commands
  persistent                Show persistent information
  pfr                       Performance Routing(PfR) information
  platform                  Displays platform information
  pnp                       Display PNP information
  policy-firewall           Show policy-firewall
  policy-manager            Policy Manager
  policy-map                Show Policy Map
  ppp                       PPP parameters and statistics
  pppoe                     PPPoE information
  printers                  Show LPD printer information
  privilege                 Show current privilege level
  processes                 Active process statistics
  profile                   Media services profile application
  protocols                 Active network routing protocols
  qdm                       Show information about QoS Device Manager
  qllc                      Display qllc-llc2 and qllc-sdlc conversion
                            information
  qos                       Quality of Service show commands
  radius                    Shows radius information
  rate-limit stats          Show rate limit enforcement information
  rbscp                     RBSCP information
  redundancy                Redundancy Facility (RF) information
  region                    Region Manager Status
  registry                  Function registry information
  reload                    Scheduled reload information
  resource                  Display Resource Usage/Relations and more details
  rhosts                    Remote-host+user equivalences
  rib                       Routing Information Base
  rif                       RIF cache entries
  rmon                      rmon statistics
  route-map                 route-map information
  route-tag                 route-tag information
  rpl                       RPL protocol status
  rpms-proc                 RPMS Process Information
  rudpv1                    Rudpv1 information
  running-config            Current operating configuration
  sampler                   Sampler information
  sasl                      show SASL information
  sctp                      SCTP information
  sdllc                     Display sdlc - llc2 conversion information
  secure                    Show secure image and configuration archive
  security                  Show unified security related information
  service-overlay           Service Overlay show commands
  service-routing           Service-Routing show commands
  services                  LAT learned services
  sessions                  Information about Telnet connections
  smf                       Software MAC filter
  sna                       Display SNA host information
  snapshot                  Snapshot parameters and statistics
  snmp                      snmp statistics
  sntp                      Simple network time protocol
  sockets                   Socket Details
  software                  List software information
  source-bridge             Source-bridge parameters and statistics
  spanning-tree             Spanning tree topology
  ssh                       Status of SSH server connections
  ssm                       Segment Switching Manager Status
  stacks                    Process stack utilization
  standby                   Hot Standby Router Protocol (HSRP) information
  startup-config            Contents of startup configuration
  stun                      STUN status and configuration
  subscriber                Subscriber Service Switch Information
  subscriber-policy         Subscriber policy
  subsys                    Show subsystem information
  table-map                 Show Table Map
  tacacs                    Shows tacacs+ server statistics 
  tarp                      TARP information
  tcp                       Status of TCP connections
  tech-support              Show system information for Tech-Support
  template                  Template information
  terminal                  Display terminal configuration parameters
  test_rib_access           RIB_ACCESS TEST info
  time-range                Time range
  tn3270                    TN3270 settings
  topology                  Topology instance information
  track                     Tracking information
  translate                 Protocol translation information
  trunk                     Trunk Group info
  ttycap                    Terminal capability tables
  tunnel                    Show configured tunnels
  udp                       UDP Details
  user-group                Display User Group information
  users                     Display information about terminal lines
  vc-group                  Show VC Group
  version                   System hardware and software status
  video                     video quality monitoring
  vlan-range                VLAN Range
  vlans                     Virtual LANs Information
  vmi                       Show vmi commands
  vnet                      Virtual NETwork instance information
  vofm                      Display Video Opt Flow Manager information
  vpdn                      VPDN information
  vrf                       VPN Routing/Forwarding instance information
  vrrp                      VRRP information
  vsp                       Voice Streaming Processing information
  vtemplate                 Virtual Template interface information
  waas                      IOS Wide Area Application Services
  wccp                      WCCP information
  webvpn                    WebVPN information
  whoami                    Info on current tty line
  wsma                      Show Web Services Management Agents information
  x25                       X.25 information
  x28                       X.28 rotary information
  x29                       X.29 information
  xconnect                  Xconnect information
  xos                       Cross-OS Library Information and Traces
  xsd-format                Show the ODM XSD for the command
  zone                      Zone Information
  zone-pair                 Zone pair information
          
Router1#show interfa                    
Router1#show interfaces ?
  Async              Async interface
  Auto-Template      Auto-Template interface
  BDI                Bridge-Domain interface
  BVI                Bridge-Group Virtual Interface
  CDMA-Ix            CDMA Ix interface
  CTunnel            CTunnel interface
  Dialer             Dialer interface
  GMPLS              MPLS interface
  GigabitEthernet    GigabitEthernet IEEE 802.3z
  LISP               Locator/ID Separation Protocol Virtual Interface
  LongReachEthernet  Long-Reach Ethernet interface
  Loopback           Loopback interface
  Lspvif             LSP virtual interface
  MFR                Multilink Frame Relay bundle interface
  Multilink          Multilink-group interface
  Null               Null interface
  Tunnel             Tunnel interface
  Vif                PGM Multicast Host interface
  Virtual-PPP        Virtual PPP interface
  Virtual-Template   Virtual Template interface
  Virtual-TokenRing  Virtual TokenRing
  accounting         Show interface accounting
          
Router1#show interfaces GigabitEthernet0/0.100
GigabitEthernet0/0.100 is up, line protocol is up 
  Hardware is iGbE, address is 5000.0007.0000 (bia 5000.0007.0000)
  Internet address is 10.100.0.1/24
  MTU 1500 bytes, BW 1000000 Kbit/sec, DLY 10 usec, 
     reliability 255/255, txload 1/255, rxload 1/255
  Encapsulation 802.1Q Virtual LAN, Vlan ID  100.
  ARP type: ARPA, ARP Timeout 04:00:00
  Keepalive set (10 sec)
  Last clearing of "show interface" counters never
Router1#show interfaces GigabitEthernet0/0.200
GigabitEthernet0/0.200 is up, line protocol is up 
  Hardware is iGbE, address is 5000.0007.0000 (bia 5000.0007.0000)
  Internet address is 10.200.0.1/24
  MTU 1500 bytes, BW 1000000 Kbit/sec, DLY 10 usec, 
     reliability 255/255, txload 1/255, rxload 1/255
  Encapsulation 802.1Q Virtual LAN, Vlan ID  200.
  ARP type: ARPA, ARP Timeout 04:00:00
  Keepalive set (10 sec)
  Last clearing of "show interface" counters never
Router1#show interfaces GigabitEthernet0/0
GigabitEthernet0/0 is up, line protocol is up 
  Hardware is iGbE, address is 5000.0007.0000 (bia 5000.0007.0000)
  MTU 1500 bytes, BW 1000000 Kbit/sec, DLY 10 usec, 
     reliability 255/255, txload 1/255, rxload 1/255
  Encapsulation 802.1Q Virtual LAN, Vlan ID  1., loopback not set
  Keepalive set (10 sec)
  Auto Duplex, Auto Speed, link type is auto, media type is RJ45
  output flow-control is unsupported, input flow-control is unsupported
  ARP type: ARPA, ARP Timeout 04:00:00
  Last input 00:00:08, output 00:00:07, output hang never
  Last clearing of "show interface" counters never
  Input queue: 0/75/0/0 (size/max/drops/flushes); Total output drops: 0
  Queueing strategy: fifo
  Output queue: 0/40 (size/max)
  5 minute input rate 0 bits/sec, 0 packets/sec
  5 minute output rate 0 bits/sec, 0 packets/sec
     851 packets input, 149946 bytes, 0 no buffer
     Received 0 broadcasts (0 IP multicasts)
     0 runts, 0 giants, 0 throttles 
     0 input errors, 0 CRC, 0 frame, 0 overrun, 0 ignored
     0 watchdog, 0 multicast, 0 pause input
     1882 packets output, 219485 bytes, 0 underruns
     0 output errors, 0 collisions, 1 interface resets
     514 unknown protocol drops
     0 babbles, 0 late collision, 0 deferred
     0 lost carrier, 0 no carrier, 0 pause output
     0 output buffer failures, 0 output buffers swapped out
Router1#ping 10.200.0.4
Type escape sequence to abort.
Sending 5, 100-byte ICMP Echos to 10.200.0.4, timeout is 2 seconds:
.....
Success rate is 0 percent (0/5)
Router1#ping 10.100.0.5
Type escape sequence to abort.
Sending 5, 100-byte ICMP Echos to 10.100.0.5, timeout is 2 seconds:
.....
Success rate is 0 percent (0/5)
Router1#ping 10.100.0.6
Type escape sequence to abort.
Sending 5, 100-byte ICMP Echos to 10.100.0.6, timeout is 2 seconds:
.....
Success rate is 0 percent (0/5)
Router1#ping 10.100.0.1
Type escape sequence to abort.
Sending 5, 100-byte ICMP Echos to 10.100.0.1, timeout is 2 seconds:
!!!!!
Success rate is 100 percent (5/5), round-trip min/avg/max = 1/1/2 ms
Router1#

































Router1 con0 is now available





Press RETURN to get started.






C
**************************************************************************
* IOSv is strictly limited to use for evaluation, demonstration and IOS  *
* education. IOSv is provided as-is and is not supported by Cisco's      *
* Technical Advisory Center. Any use or disclosure, in whole or in part, *
* of the IOSv Software or Documentation to any third party for any       *
* purposes is expressly prohibited except as otherwise authorized by     *
* Cisco in writing.                                                      *
**************************************************************************
Router1>en
Router1#?
Exec commands:
  access-enable    Create a temporary Access-List entry
  access-profile   Apply user-profile to interface
  access-template  Create a temporary Access-List entry
  alps             ALPS exec commands
  archive          manage archive files
  auto             Exec level Automation
  beep             Blocks Extensible Exchange Protocol commands
  bfe              For manual emergency modes setting
  bulkstat         Bulkstat exec commands
  calendar         Manage the hardware calendar
  cd               Change current directory
  clear            Reset functions
  clock            Manage the system clock
  cns              CNS agents
  configure        Enter configuration mode
  connect          Open a terminal connection
  copy             Copy from one file to another
  crypto           Encryption related commands.
  cts              Cisco Trusted Security Exec Commands
  debug            Debugging functions (see also 'undebug')
  delete           Delete a file
  dir              List files on a filesystem
  disable          Turn off privileged commands
  disconnect       Disconnect an existing network connection
  do-exec          Mode-independent "do-exec" prefix support
  dot1x            IEEE 802.1X Exec Commands
  eap              EAP Exec Commands
  enable           Turn on privileged commands
  eou              EAPoUDP
  erase            Erase a filesystem
  ethernet         Ethernet parameters
  event            Event related commands
  exit             Exit from the EXEC
  format           Format a filesystem
  fsck             Fsck a filesystem
  help             Description of the interactive help system
  if-mgr           IF-MGR operations
  ip               Exec commands for IP features
  ip               IP SLA Exec Command
  ips              Intrusion Prevention System
  lat              Open a lat connection
  lig              LISP Internet Groper
  lock             Lock the terminal
  logging          Handles logging operations
  login            Log in as a particular user
  logout           Exit from the EXEC
  mediatrace       Mediatrace Commands
  microcode        microcode commands
  mkdir            Create new directory
  modemui          Start a modem-like user interface
  monitor          Monitoring different system events
  more             Display the contents of a file
  mpls             MPLS commands
  mrinfo           Request neighbor and version information from a multicast
                   router
  mrm              IP Multicast Routing Monitor Test
  msp              Exec command to attach profile to flow
  mstat            Show statistics after multiple multicast traceroutes
  mtrace           Trace reverse multicast path from destination to source
  name-connection  Name an existing network connection
  ncia             Start/Stop NCIA Server
  no               Disable debugging functions
  onep             ONEP related commands
  pad              Open a X.29 PAD connection
  partition        Partition disk
  ping             Send echo messages
  pnpa             PnP agent
  ppp              Start IETF Point-to-Point Protocol (PPP)
  pwd              Display current working directory
  redundancy       Redundancy Facility (RF) exec commands
  release          Release a resource
  reload           Halt and perform a cold restart
  rename           Rename a file
  renew            Renew a resource
  restart          Restart Connection
  resume           Resume an active network connection
  rlogin           Open an rlogin connection
  rmdir            Remove existing directory
  routing-context  Routing Context
  rsh              Execute a remote command
  sdlc             Send SDLC test frames
  send             Send a message to other tty lines
  set              Set system parameter (not config)
  setup            Run the SETUP command facility
  show             Show running system information
  slip             Start Serial-line IP (SLIP)
  software         Software commands
  spec-file        format spec file commands
  ssh              Open a secure shell client connection
  start-chat       Start a chat-script on a line
  systat           Display information about terminal lines
  tarp             TARP (Target ID Resolution Protocol) commands
  tclquit          Quit Tool Command Language shell
  tclsh            Tool Command Language shell
  telnet           Open a telnet connection
  terminal         Set terminal line parameters
  test             Test subsystems, memory, and interfaces
  tn3270           Open a tn3270 connection
  traceroute       Trace route to destination
  tunnel           Open a tunnel connection
  udptn            Open an udptn connection
  undebug          Disable debugging functions (see also 'debug')
  upgrade          Upgrade commands
  verify           Verify a file
  waas             IOS Wide Area Application Services
  webvpn           WebVPN exec command
  where            List active connections
  which-route      Do OSI route table lookup and display results
  write            Write running configuration to memory, network, or terminal
  x28              Become an X.28 PAD
  x3               Set X.3 parameters on PAD
  xconnect         Xconnect EXEC commands

Router1#

































Router1 con0 is now available





Press RETURN to get started.







C
**************************************************************************
* IOSv is strictly limited to use for evaluation, demonstration and IOS  *
* education. IOSv is provided as-is and is not supported by Cisco's      *
* Technical Advisory Center. Any use or disclosure, in whole or in part, *
* of the IOSv Software or Documentation to any third party for any       *
* purposes is expressly prohibited except as otherwise authorized by     *
* Cisco in writing.                                                      *
**************************************************************************
Router1>
Router1>
Router1>Q
Router1>exit

































Router1 con0 is now available





Press RETURN to get started.



C
**************************************************************************
* IOSv is strictly limited to use for evaluation, demonstration and IOS  *
* education. IOSv is provided as-is and is not supported by Cisco's      *
* Technical Advisory Center. Any use or disclosure, in whole or in part, *
* of the IOSv Software or Documentation to any third party for any       *
* purposes is expressly prohibited except as otherwise authorized by     *
* Cisco in writing.                                                      *
**************************************************************************
Router1>
Router1>
Router1>
Router1>
Router1>
Router1>en
Router1#show run
Router1#show running-config 
Building configuration...

Current configuration : 3136 bytes
!
! Last configuration change at 19:13:57 UTC Sun Dec 6 2020
!
version 15.9
service timestamps debug datetime msec
service timestamps log datetime msec
no service password-encryption
!
hostname Router1
!
boot-start-marker
boot-end-marker
!
!
!
no aaa new-model
!
!
!
mmi polling-interval 60
no mmi auto-configure
no mmi pvc
mmi snmp-timeout 180
!
!
!
!
!
!
!
!
!
!
!
no ip domain lookup
ip cef
no ipv6 cef
!
multilink bundle-name authenticated
!
!
!
!
!
redundancy
!         
!         
! 
!
!
!
!
!
!
!
!
!
!
!
!
interface GigabitEthernet0/0
 no ip address
 duplex auto
 speed auto
 media-type rj45
!
interface GigabitEthernet0/0.100
 encapsulation dot1Q 100
 ip address 10.100.0.1 255.255.255.0
!         
interface GigabitEthernet0/0.200
 encapsulation dot1Q 200
 ip address 10.200.0.1 255.255.255.0
!
interface GigabitEthernet0/1
 no ip address
 shutdown
 duplex auto
 speed auto
 media-type rj45
!
interface GigabitEthernet0/2
 no ip address
 shutdown
 duplex auto
 speed auto
 media-type rj45
!
interface GigabitEthernet0/3
 no ip address
 shutdown
 duplex auto
 speed auto
 media-type rj45
!
ip forward-protocol nd
!
!
no ip http server
no ip http secure-server
!
ipv6 ioam timestamp
!
!
!
control-plane
!
banner exec ^CC
**************************************************************************
* IOSv is strictly limited to use for evaluation, demonstration and IOS  *
* education. IOSv is provided as-is and is not supported by Cisco's      *
* Technical Advisory Center. Any use or disclosure, in whole or in part, *
* of the IOSv Software or Documentation to any third party for any       *
* purposes is expressly prohibited except as otherwise authorized by     *
* Cisco in writing.                                                      *
**************************************************************************^C
banner incoming ^CC
**************************************************************************
* IOSv is strictly limited to use for evaluation, demonstration and IOS  *
* education. IOSv is provided as-is and is not supported by Cisco's      *
* Technical Advisory Center. Any use or disclosure, in whole or in part, *
* of the IOSv Software or Documentation to any third party for any       *
* purposes is expressly prohibited except as otherwise authorized by     *
* Cisco in writing.                                                      *
**************************************************************************^C
banner login ^CC
**************************************************************************
* IOSv is strictly limited to use for evaluation, demonstration and IOS  *
* education. IOSv is provided as-is and is not supported by Cisco's      *
* Technical Advisory Center. Any use or disclosure, in whole or in part, *
* of the IOSv Software or Documentation to any third party for any       *
* purposes is expressly prohibited except as otherwise authorized by     *
* Cisco in writing.                                                      *
**************************************************************************^C
!
line con 0
line aux 0
line vty 0 4
 login    
 transport input none
!
no scheduler allocate
!
end

Router1#Connection closed by foreign host.
spawn@mydebian:~$ 
