!
!
spanning-tree mode pvst
spanning-tree extend system-id
spanning-tree vlan 1,100,200 priority 28672
!
!
! 
!
!
!
!
!
!
!
!
!         
!
!
!
interface GigabitEthernet0/0
 switchport access vlan 100
 switchport mode access
 negotiation auto
!
interface GigabitEthernet0/1
 switchport trunk allowed vlan 1,100,200
 switchport trunk encapsulation dot1q
 switchport mode trunk
 negotiation auto
!
interface GigabitEthernet0/2
 switchport trunk allowed vlan 1,100,200
 switchport trunk encapsulation dot1q
 switchport mode trunk
 negotiation auto
!
interface GigabitEthernet0/3
 switchport trunk allowed vlan 1,100,200
 switchport trunk encapsulation dot1q
 switchport mode trunk
 negotiation auto
!
interface GigabitEthernet1/0
 negotiation auto
!
interface GigabitEthernet1/1
 negotiation auto
!
interface GigabitEthernet1/2
 negotiation auto
!
interface GigabitEthernet1/3
 negotiation auto
!
ip forward-protocol nd
!
ip http server
ip http secure-server
!
ip ssh server algorithm encryption aes128-ctr aes192-ctr aes256-ctr
ip ssh client algorithm encryption aes128-ctr aes192-ctr aes256-ctr
!         
!
!
!
!
!
control-plane
!
banner exec ^C
**************************************************************************
* IOSv is strictly limited to use for evaluation, demonstration and IOS  *
* education. IOSv is provided as-is and is not supported by Cisco's      *
* Technical Advisory Center. Any use or disclosure, in whole or in part, *
* of the IOSv Software or Documentation to any third party for any       *
* purposes is expressly prohibited except as otherwise authorized by     *
* Cisco in writing.                                                      *
**************************************************************************^C
banner incoming ^C
**************************************************************************
* IOSv is strictly limited to use for evaluation, demonstration and IOS  *
* education. IOSv is provided as-is and is not supported by Cisco's      *
* Technical Advisory Center. Any use or disclosure, in whole or in part, *
* of the IOSv Software or Documentation to any third party for any       *
* purposes is expressly prohibited except as otherwise authorized by     *
* Cisco in writing.                                                      *
**************************************************************************^C
banner login ^C
**************************************************************************
* IOSv is strictly limited to use for evaluation, demonstration and IOS  *
* education. IOSv is provided as-is and is not supported by Cisco's      *
* Technical Advisory Center. Any use or disclosure, in whole or in part, *
* of the IOSv Software or Documentation to any third party for any       *
* purposes is expressly prohibited except as otherwise authorized by     *
* Cisco in writing.                                                      *
**************************************************************************^C
!
line con 0
line aux 0
line vty 0 4
!
!
end

sw2#ping 10.100.0.1
% Unrecognized host or address, or protocol not running.

sw2#?
Exec commands:
  access-enable    Create a temporary Access-List entry
  access-profile   Apply user-profile to interface
  access-template  Create a temporary Access-List entry
  alps             ALPS exec commands
  archive          manage archive files
  authentication   Authentication options for eEdge
  beep             Blocks Extensible Exchange Protocol commands
  bfe              For manual emergency modes setting
  calendar         Manage the hardware calendar
  cd               Change current directory
  clear            Reset functions
  clock            Manage the system clock
  cns              CNS agents
  configure        Enter configuration mode
  connect          Open a terminal connection
  copy             Copy from one file to another
  crypto           Encryption related commands.
  cts              Cisco Trusted Security Exec Commands
  debug            Debugging functions (see also 'undebug')
  delete           Delete a file
  dir              List files on a filesystem
  disable          Turn off privileged commands
  disconnect       Disconnect an existing network connection
  do-exec          Mode-independent "do-exec" prefix support
  dot1x            IEEE 802.1X Exec Commands
  eap              EAP Exec Commands
  enable           Turn on privileged commands
  erase            Erase a filesystem
  ethernet         Ethernet parameters
  event            Event related commands
  exit             Exit from the EXEC
  format           Format a filesystem
  fsck             Fsck a filesystem
  help             Description of the interactive help system
  if-mgr           IF-MGR operations
  ip               Global IP commands
  lig              LISP Internet Groper
  lock             Lock the terminal
  logging          Handles logging operations
  login            Log in as a particular user
  logout           Exit from the EXEC
  macro            Exec level macro commands
  mediatrace       Mediatrace Commands
  mkdir            Create new directory
  monitor          Monitoring different system events
  more             Display the contents of a file
  mpls             MPLS commands
  mrinfo           Request neighbor and version information from a multicast
                   router
  mrm              IP Multicast Routing Monitor Test
  mstat            Show statistics after multiple multicast traceroutes
  mtrace           Trace reverse multicast path from destination to source
  name-connection  Name an existing network connection
  ncia             Start/Stop NCIA Server
  no               Disable debugging functions
  onep             ONEP related commands
  pad              Open a X.29 PAD connection
  ping             Send echo messages
  pnp              PNP agent
  port-channel     lag auto persistent
  ppp              Start IETF Point-to-Point Protocol (PPP)
  pwd              Display current working directory
  release          Release a resource
  reload           Halt and perform a cold restart
  rename           Rename a file
  renew            Renew a resource
  restart          Restart Connection
  resume           Resume an active network connection
  rlogin           Open an rlogin connection
  rmdir            Remove existing directory
  routing-context  Routing Context
  rsh              Execute a remote command
  sdlc             Send SDLC test frames
  send             Send a message to other tty lines
  set              Set system parameter (not config)
  setup            Run the SETUP command facility
  show             Show running system information
  slip             Start Serial-line IP (SLIP)
  software         Software commands
  software         Software commands
  spec-file        format spec file commands
  ssh              Open a secure shell client connection
  start-chat       Start a chat-script on a line
  systat           Display information about terminal lines
  tarp             TARP (Target ID Resolution Protocol) commands
  tclquit          Quit Tool Command Language shell
  tclsh            Tool Command Language shell
  telnet           Open a telnet connection
  terminal         Set terminal line parameters
  test             Test subsystems, memory, and interfaces
  tn3270           Open a tn3270 connection
  traceroute       Trace route to destination
  tunnel           Open a tunnel connection
  udld             UDLD protocol commands
  udptn            Open an udptn connection
  undebug          Disable debugging functions (see also 'debug')
  upgrade          Upgrade commands
  verify           Verify a file
  vtp              Configure global VTP state
  where            List active connections
  which-route      Do OSI route table lookup and display results
  write            Write running configuration to memory, network, or terminal
  x28              Become an X.28 PAD
  x3               Set X.3 parameters on PAD
  xconnect         Xconnect EXEC commands

sw2#

































sw2 con0 is now available





Press RETURN to get started.



**************************************************************************
* IOSv is strictly limited to use for evaluation, demonstration and IOS  *
* education. IOSv is provided as-is and is not supported by Cisco's      *
* Technical Advisory Center. Any use or disclosure, in whole or in part, *
* of the IOSv Software or Documentation to any third party for any       *
* purposes is expressly prohibited except as otherwise authorized by     *
* Cisco in writing.                                                      *
**************************************************************************
sw2>
sw2>en
sw2#show run
sw2#show running-config inte
sw2#show running-config interface gi 0/2
Building configuration...

Current configuration : 156 bytes
!
interface GigabitEthernet0/2
 switchport trunk allowed vlan 1,100,200
 switchport trunk encapsulation dot1q
 switchport mode trunk
 negotiation auto
end

sw2#conf t
Enter configuration commands, one per line.  End with CNTL/Z.
sw2(config)#exit
sw2#
*Dec  6 21:46:18.581: %SYS-5-CONFIG_I: Configured from console by consolesh
% Type "show ?" for a list of subcommands
sw2#show spann
sw2#show spanning-tree vlan 100

VLAN0100
  Spanning tree enabled protocol ieee
  Root ID    Priority    20580
             Address     5000.0003.0000
             Cost        4
             Port        3 (GigabitEthernet0/2)
             Hello Time   2 sec  Max Age 20 sec  Forward Delay 15 sec

  Bridge ID  Priority    28772  (priority 28672 sys-id-ext 100)
             Address     5000.0002.0000
             Hello Time   2 sec  Max Age 20 sec  Forward Delay 15 sec
             Aging Time  300 sec

Interface           Role Sts Cost      Prio.Nbr Type
------------------- ---- --- --------- -------- --------------------------------
Gi0/0               Desg FWD 4         128.1    P2p 
Gi0/1               Desg FWD 4         128.2    P2p 
Gi0/2               Root FWD 4         128.3    P2p 
Gi0/3               Altn BLK 4         128.4    P2p 


sw2#conf t
Enter configuration commands, one per line.  End with CNTL/Z.
sw2(config)#inter
sw2(config)#interface gi 0/2
sw2(config-if)#shut
sw2(config-if)#exit
sw2(config)#
*Dec  6 21:47:23.171: %LINK-5-CHANGED: Interface GigabitEthernet0/2, changed state to administratively down
*Dec  6 21:47:24.170: %LINEPROTO-5-UPDOWN: Line protocol on Interface GigabitEthernet0/2, changed state to down
sw2(config)#exit
sw2#
*Dec  6 21:47:28.168: %SYS-5-CONFIG_I: Configured from console by console
sw2#show ip int bri 
Interface              IP-Address      OK? Method Status                Protocol
GigabitEthernet0/0     unassigned      YES unset  up                    up      
GigabitEthernet0/1     unassigned      YES unset  up                    up      
GigabitEthernet0/2     unassigned      YES unset  administratively down down    
GigabitEthernet0/3     unassigned      YES unset  up                    up      
GigabitEthernet1/0     unassigned      YES unset  up                    up      
GigabitEthernet1/1     unassigned      YES unset  up                    up      
GigabitEthernet1/2     unassigned      YES unset  up                    up      
GigabitEthernet1/3     unassigned      YES unset  up                    up      
sw2#show spanning-tree vlan 100

VLAN0100
  Spanning tree enabled protocol ieee
  Root ID    Priority    20580
             Address     5000.0003.0000
             Cost        4
             Port        4 (GigabitEthernet0/3)
             Hello Time   2 sec  Max Age 20 sec  Forward Delay 15 sec

  Bridge ID  Priority    28772  (priority 28672 sys-id-ext 100)
             Address     5000.0002.0000
             Hello Time   2 sec  Max Age 20 sec  Forward Delay 15 sec
             Aging Time  15  sec

Interface           Role Sts Cost      Prio.Nbr Type
------------------- ---- --- --------- -------- --------------------------------
Gi0/0               Desg FWD 4         128.1    P2p 
Gi0/1               Desg FWD 4         128.2    P2p 
Gi0/3               Root FWD 4         128.4    P2p 


sw2#conf t
Enter configuration commands, one per line.  End with CNTL/Z.
sw2(config)#inte
sw2(config)#interface gi 0/2
sw2(config-if)#no shut
sw2(config-if)#exit
sw2(config)#exi
*Dec  6 21:48:35.905: %LINK-3-UPDOWN: Interface GigabitEthernet0/2, changed state to up
*Dec  6 21:48:36.910: %LINEPROTO-5-UPDOWN: Line protocol on Interface GigabitEthernet0/2, changed state to up 
sw2#s
*Dec  6 21:48:40.227: %SYS-5-CONFIG_I: Configured from console by console
% Type "show ?" for a list of subcommands
sw2#show spanning-tree vlan 100

VLAN0100
  Spanning tree enabled protocol ieee
  Root ID    Priority    20580
             Address     5000.0003.0000
             Cost        4
             Port        3 (GigabitEthernet0/2)
             Hello Time   2 sec  Max Age 20 sec  Forward Delay 15 sec

  Bridge ID  Priority    28772  (priority 28672 sys-id-ext 100)
             Address     5000.0002.0000
             Hello Time   2 sec  Max Age 20 sec  Forward Delay 15 sec
             Aging Time  15  sec

Interface           Role Sts Cost      Prio.Nbr Type
------------------- ---- --- --------- -------- --------------------------------
Gi0/0               Desg FWD 4         128.1    P2p 
Gi0/1               Desg FWD 4         128.2    P2p 
Gi0/2               Root LIS 4         128.3    P2p 
Gi0/3               Altn BLK 4         128.4    P2p 


sw2#show spanning-tree vlan 100

VLAN0100
  Spanning tree enabled protocol ieee
  Root ID    Priority    20580
             Address     5000.0003.0000
             Cost        4
             Port        3 (GigabitEthernet0/2)
             Hello Time   2 sec  Max Age 20 sec  Forward Delay 15 sec

  Bridge ID  Priority    28772  (priority 28672 sys-id-ext 100)
             Address     5000.0002.0000
             Hello Time   2 sec  Max Age 20 sec  Forward Delay 15 sec
             Aging Time  300 sec

Interface           Role Sts Cost      Prio.Nbr Type
------------------- ---- --- --------- -------- --------------------------------
Gi0/0               Desg FWD 4         128.1    P2p 
Gi0/1               Desg FWD 4         128.2    P2p 
Gi0/2               Root FWD 4         128.3    P2p 
Gi0/3               Altn BLK 4         128.4    P2p 


sw2#show spanning-tree vlan 100

VLAN0100
  Spanning tree enabled protocol ieee
  Root ID    Priority    20580
             Address     5000.0003.0000
             Cost        4
             Port        4 (GigabitEthernet0/3)
             Hello Time   2 sec  Max Age 20 sec  Forward Delay 15 sec

  Bridge ID  Priority    28772  (priority 28672 sys-id-ext 100)
             Address     5000.0002.0000
             Hello Time   2 sec  Max Age 20 sec  Forward Delay 15 sec
             Aging Time  15  sec

Interface           Role Sts Cost      Prio.Nbr Type
------------------- ---- --- --------- -------- --------------------------------
Gi0/0               Desg FWD 4         128.1    P2p 
Gi0/1               Desg FWD 4         128.2    P2p 
Gi0/2               Desg FWD 4         128.3    P2p 
Gi0/3               Root FWD 4         128.4    P2p 


sw2#show spanning-tree vlan 100

VLAN0100
  Spanning tree enabled protocol ieee
  Root ID    Priority    20580
             Address     5000.0003.0000
             Cost        4
             Port        4 (GigabitEthernet0/3)
             Hello Time   2 sec  Max Age 20 sec  Forward Delay 15 sec

  Bridge ID  Priority    28772  (priority 28672 sys-id-ext 100)
             Address     5000.0002.0000
             Hello Time   2 sec  Max Age 20 sec  Forward Delay 15 sec
             Aging Time  300 sec

Interface           Role Sts Cost      Prio.Nbr Type
------------------- ---- --- --------- -------- --------------------------------
Gi0/0               Desg FWD 4         128.1    P2p 
Gi0/1               Desg FWD 4         128.2    P2p 
Gi0/2               Desg FWD 4         128.3    P2p 
Gi0/3               Root FWD 4         128.4    P2p 


sw2#show spanning-tree vlan 200

VLAN0200
  Spanning tree enabled protocol ieee
  Root ID    Priority    20680
             Address     5000.0003.0000
             Cost        4
             Port        4 (GigabitEthernet0/3)
             Hello Time   2 sec  Max Age 20 sec  Forward Delay 15 sec

  Bridge ID  Priority    28872  (priority 28672 sys-id-ext 200)
             Address     5000.0002.0000
             Hello Time   2 sec  Max Age 20 sec  Forward Delay 15 sec
             Aging Time  300 sec

Interface           Role Sts Cost      Prio.Nbr Type
------------------- ---- --- --------- -------- --------------------------------
Gi0/1               Desg FWD 4         128.2    P2p 
Gi0/2               Desg FWD 4         128.3    P2p 
Gi0/3               Root FWD 4         128.4    P2p 


sw2#show spanning-tree vlan 100

VLAN0100
  Spanning tree enabled protocol ieee
  Root ID    Priority    20580
             Address     5000.0003.0000
             Cost        4
             Port        4 (GigabitEthernet0/3)
             Hello Time   2 sec  Max Age 20 sec  Forward Delay 15 sec

  Bridge ID  Priority    28772  (priority 28672 sys-id-ext 100)
             Address     5000.0002.0000
             Hello Time   2 sec  Max Age 20 sec  Forward Delay 15 sec
             Aging Time  300 sec

Interface           Role Sts Cost      Prio.Nbr Type
------------------- ---- --- --------- -------- --------------------------------
Gi0/0               Desg FWD 4         128.1    P2p 
Gi0/1               Desg FWD 4         128.2    P2p 
Gi0/2               Desg FWD 4         128.3    P2p 
Gi0/3               Root FWD 4         128.4    P2p 


sw2#show spanning-tree vlan 100

VLAN0100
  Spanning tree enabled protocol ieee
  Root ID    Priority    20580
             Address     5000.0003.0000
             Cost        4
             Port        3 (GigabitEthernet0/2)
             Hello Time   2 sec  Max Age 20 sec  Forward Delay 15 sec

  Bridge ID  Priority    28772  (priority 28672 sys-id-ext 100)
             Address     5000.0002.0000
             Hello Time   2 sec  Max Age 20 sec  Forward Delay 15 sec
             Aging Time  15  sec

Interface           Role Sts Cost      Prio.Nbr Type
------------------- ---- --- --------- -------- --------------------------------
Gi0/0               Desg FWD 4         128.1    P2p 
Gi0/1               Desg FWD 4         128.2    P2p 
Gi0/2               Root FWD 4         128.3    P2p 
Gi0/3               Altn BLK 4         128.4    P2p 


sw2#

































sw2 con0 is now available





Press RETURN to get started.








**************************************************************************
* IOSv is strictly limited to use for evaluation, demonstration and IOS  *
* education. IOSv is provided as-is and is not supported by Cisco's      *
* Technical Advisory Center. Any use or disclosure, in whole or in part, *
* of the IOSv Software or Documentation to any third party for any       *
* purposes is expressly prohibited except as otherwise authorized by     *
* Cisco in writing.                                                      *
**************************************************************************
sw2>
sw2>en
sw2#show spanning-tree vlan 100

VLAN0100
  Spanning tree enabled protocol ieee
  Root ID    Priority    20580
             Address     5000.0003.0000
             Cost        4
             Port        3 (GigabitEthernet0/2)
             Hello Time   2 sec  Max Age 20 sec  Forward Delay 15 sec

  Bridge ID  Priority    28772  (priority 28672 sys-id-ext 100)
             Address     5000.0002.0000
             Hello Time   2 sec  Max Age 20 sec  Forward Delay 15 sec
             Aging Time  300 sec

Interface           Role Sts Cost      Prio.Nbr Type
------------------- ---- --- --------- -------- --------------------------------
Gi0/0               Desg FWD 4         128.1    P2p 
Gi0/1               Desg FWD 4         128.2    P2p 
Gi0/2               Root FWD 4         128.3    P2p 
Gi0/3               Altn BLK 4         128.4    P2p 


sw2#show mac
sw2#show mac address-table vlan 100     
          Mac Address Table
-------------------------------------------

Vlan    Mac Address       Type        Ports
----    -----------       --------    -----
 100    5000.0003.0002    DYNAMIC     Gi0/2
Total Mac Addresses for this criterion: 1
sw2#

































sw2 con0 is now available





Press RETURN to get started.








**************************************************************************
* IOSv is strictly limited to use for evaluation, demonstration and IOS  *
* education. IOSv is provided as-is and is not supported by Cisco's      *
* Technical Advisory Center. Any use or disclosure, in whole or in part, *
* of the IOSv Software or Documentation to any third party for any       *
* purposes is expressly prohibited except as otherwise authorized by     *
* Cisco in writing.                                                      *
**************************************************************************
sw2>en
sw2#show spanning-tree vlan 100

VLAN0100
  Spanning tree enabled protocol ieee
  Root ID    Priority    20580
             Address     5000.0003.0000
             Cost        4
             Port        3 (GigabitEthernet0/2)
             Hello Time   2 sec  Max Age 20 sec  Forward Delay 15 sec

  Bridge ID  Priority    28772  (priority 28672 sys-id-ext 100)
             Address     5000.0002.0000
             Hello Time   2 sec  Max Age 20 sec  Forward Delay 15 sec
             Aging Time  300 sec

Interface           Role Sts Cost      Prio.Nbr Type
------------------- ---- --- --------- -------- --------------------------------
Gi0/0               Desg FWD 4         128.1    P2p 
Gi0/1               Desg FWD 4         128.2    P2p 
Gi0/2               Root FWD 4         128.3    P2p 
Gi0/3               Altn BLK 4         128.4    P2p 


sw2#show spanning-tree vlan 100

VLAN0100
  Spanning tree enabled protocol ieee
  Root ID    Priority    20580
             Address     5000.0003.0000
             Cost        4
             Port        3 (GigabitEthernet0/2)
             Hello Time   2 sec  Max Age 20 sec  Forward Delay 15 sec

  Bridge ID  Priority    28772  (priority 28672 sys-id-ext 100)
             Address     5000.0002.0000
             Hello Time   2 sec  Max Age 20 sec  Forward Delay 15 sec
             Aging Time  300 sec

Interface           Role Sts Cost      Prio.Nbr Type
------------------- ---- --- --------- -------- --------------------------------
Gi0/0               Desg FWD 4         128.1    P2p 
Gi0/1               Desg FWD 4         128.2    P2p 
Gi0/2               Root FWD 4         128.3    P2p 
Gi0/3               Altn BLK 4         128.4    P2p 


sw2#show spanning-tree vlan 200

VLAN0200
  Spanning tree enabled protocol ieee
  Root ID    Priority    20680
             Address     5000.0003.0000
             Cost        4
             Port        3 (GigabitEthernet0/2)
             Hello Time   2 sec  Max Age 20 sec  Forward Delay 15 sec

  Bridge ID  Priority    28872  (priority 28672 sys-id-ext 200)
             Address     5000.0002.0000
             Hello Time   2 sec  Max Age 20 sec  Forward Delay 15 sec
             Aging Time  300 sec

Interface           Role Sts Cost      Prio.Nbr Type
------------------- ---- --- --------- -------- --------------------------------
Gi0/1               Desg FWD 4         128.2    P2p 
Gi0/2               Root FWD 4         128.3    P2p 
Gi0/3               Altn BLK 4         128.4    P2p 


sw2#

































sw2 con0 is now available





Press RETURN to get started.











**************************************************************************
* IOSv is strictly limited to use for evaluation, demonstration and IOS  *
* education. IOSv is provided as-is and is not supported by Cisco's      *
* Technical Advisory Center. Any use or disclosure, in whole or in part, *
* of the IOSv Software or Documentation to any third party for any       *
* purposes is expressly prohibited except as otherwise authorized by     *
* Cisco in writing.                                                      *
**************************************************************************
sw2>en
sw2#how spanning-tree vlan 100
     ^
% Invalid input detected at '^' marker.

sw2#show spanning-tree vlan
% Incomplete command.

sw2#show spanning-tree vlan 100

VLAN0100
  Spanning tree enabled protocol ieee
  Root ID    Priority    20580
             Address     5000.0003.0000
             Cost        4
             Port        3 (GigabitEthernet0/2)
             Hello Time   2 sec  Max Age 20 sec  Forward Delay 15 sec

  Bridge ID  Priority    28772  (priority 28672 sys-id-ext 100)
             Address     5000.0002.0000
             Hello Time   2 sec  Max Age 20 sec  Forward Delay 15 sec
             Aging Time  300 sec

Interface           Role Sts Cost      Prio.Nbr Type
------------------- ---- --- --------- -------- --------------------------------
Gi0/0               Desg FWD 4         128.1    P2p 
Gi0/1               Desg FWD 4         128.2    P2p 
Gi0/2               Root FWD 4         128.3    P2p 
Gi0/3               Altn BLK 4         128.4    P2p 


sw2#conf t
Enter configuration commands, one per line.  End with CNTL/Z.
sw2(config)#in gi 0/3
sw2(config-if)#span
sw2(config-if)#spanning-tree ?
  bpdufilter     Don't send or receive BPDUs on this interface
  bpduguard      Don't accept BPDUs on this interface
  cost           Change an interface's spanning tree port path cost
  guard          Change an interface's spanning tree guard mode
  link-type      Specify a link type for spanning tree protocol use
  mst            Multiple spanning tree
  port-priority  Change an interface's spanning tree port priority
  portfast       Portfast options for the interface
  vlan           VLAN Switch Spanning Tree

sw2(config-if)#spanning-tree port 
sw2(config-if)#spanning-tree port-p
sw2(config-if)#spanning-tree port-priority ?
  <0-240>  port priority in increments of 16

sw2(config-if)#spanning-tree vlan 100 ?    
  cost           Change an interface's per VLAN spanning tree path cost
  port-priority  Change an interface's spanning tree port priority

sw2(config-if)#spanning-tree port     
sw2(config-if)#spanning-tree vlan 100 port-priority ?
  <0-240>  port priority in increments of 16

sw2(config-if)#spanning-tree port-priority 112      
sw2(config-if)#exit
sw2(config)#exit
sw2#
*Dec  8 20:26:29.710: %SYS-5-CONFIG_I: Configured from console by console
sw2#show spanning-tree vlan 100

VLAN0100
  Spanning tree enabled protocol ieee
  Root ID    Priority    20580
             Address     5000.0003.0000
             Cost        4
             Port        3 (GigabitEthernet0/2)
             Hello Time   2 sec  Max Age 20 sec  Forward Delay 15 sec

  Bridge ID  Priority    28772  (priority 28672 sys-id-ext 100)
             Address     5000.0002.0000
             Hello Time   2 sec  Max Age 20 sec  Forward Delay 15 sec
             Aging Time  300 sec

Interface           Role Sts Cost      Prio.Nbr Type
------------------- ---- --- --------- -------- --------------------------------
Gi0/0               Desg FWD 4         128.1    P2p 
Gi0/1               Desg FWD 4         128.2    P2p 
Gi0/2               Root FWD 4         128.3    P2p 
Gi0/3               Altn BLK 4         112.4    P2p 


sw2#show spanning-tree vlan 100

VLAN0100
  Spanning tree enabled protocol ieee
  Root ID    Priority    20580
             Address     5000.0003.0000
             Cost        4
             Port        3 (GigabitEthernet0/2)
             Hello Time   2 sec  Max Age 20 sec  Forward Delay 15 sec

  Bridge ID  Priority    28772  (priority 28672 sys-id-ext 100)
             Address     5000.0002.0000
             Hello Time   2 sec  Max Age 20 sec  Forward Delay 15 sec
             Aging Time  300 sec

Interface           Role Sts Cost      Prio.Nbr Type
------------------- ---- --- --------- -------- --------------------------------
Gi0/0               Desg FWD 4         128.1    P2p 
Gi0/1               Desg FWD 4         128.2    P2p 
Gi0/2               Root FWD 4         128.3    P2p 
Gi0/3               Altn BLK 4         112.4    P2p 


sw2#show spanning-tree vlan 200

VLAN0200
  Spanning tree enabled protocol ieee
  Root ID    Priority    20680
             Address     5000.0003.0000
             Cost        4
             Port        3 (GigabitEthernet0/2)
             Hello Time   2 sec  Max Age 20 sec  Forward Delay 15 sec

  Bridge ID  Priority    28872  (priority 28672 sys-id-ext 200)
             Address     5000.0002.0000
             Hello Time   2 sec  Max Age 20 sec  Forward Delay 15 sec
             Aging Time  300 sec

Interface           Role Sts Cost      Prio.Nbr Type
------------------- ---- --- --------- -------- --------------------------------
Gi0/1               Desg FWD 4         128.2    P2p 
Gi0/2               Root FWD 4         128.3    P2p 
Gi0/3               Altn BLK 4         112.4    P2p 


sw2#conf t                     
Enter configuration commands, one per line.  End with CNTL/Z.
sw2(config)#in gi 0/2
sw2(config-if)#span
sw2(config-if)#exit                          
sw2(config)#gi 0/3
             ^
% Invalid input detected at '^' marker.

sw2(config)#in gi 0/3
sw2(config-if)#span 
sw2(config-if)#spanning-tree port
sw2(config-if)#spanning-tree port-
sw2(config-if)#spanning-tree port-priority 
sw2(config-if)#spanning-tree port-priority 128
sw2(config-if)#exit
sw2(config)#exit
sw2#show spanning-tree vlan 200
*Dec  8 20:31:52.918: %SYS-5-CONFIG_I: Configured from console by console

VLAN0200
  Spanning tree enabled protocol ieee
  Root ID    Priority    20680
             Address     5000.0003.0000
             Cost        4
             Port        3 (GigabitEthernet0/2)
             Hello Time   2 sec  Max Age 20 sec  Forward Delay 15 sec

  Bridge ID  Priority    28872  (priority 28672 sys-id-ext 200)
             Address     5000.0002.0000
             Hello Time   2 sec  Max Age 20 sec  Forward Delay 15 sec
             Aging Time  300 sec

Interface           Role Sts Cost      Prio.Nbr Type
------------------- ---- --- --------- -------- --------------------------------
Gi0/1               Desg FWD 4         128.2    P2p 
Gi0/2               Root FWD 4         128.3    P2p 
Gi0/3               Altn BLK 4         128.4    P2p 


sw2#show spanning-tree vlan 200

VLAN0200
  Spanning tree enabled protocol ieee
  Root ID    Priority    20680
             Address     5000.0003.0000
             Cost        4
             Port        4 (GigabitEthernet0/3)
             Hello Time   2 sec  Max Age 20 sec  Forward Delay 15 sec

  Bridge ID  Priority    28872  (priority 28672 sys-id-ext 200)
             Address     5000.0002.0000
             Hello Time   2 sec  Max Age 20 sec  Forward Delay 15 sec
             Aging Time  15  sec

Interface           Role Sts Cost      Prio.Nbr Type
------------------- ---- --- --------- -------- --------------------------------
Gi0/1               Desg FWD 4         128.2    P2p 
Gi0/2               Altn BLK 4         128.3    P2p 
Gi0/3               Root LRN 4         128.4    P2p 


sw2#show spanning-tree vlan 100

VLAN0100
  Spanning tree enabled protocol ieee
  Root ID    Priority    20580
             Address     5000.0003.0000
             Cost        4
             Port        4 (GigabitEthernet0/3)
             Hello Time   2 sec  Max Age 20 sec  Forward Delay 15 sec

  Bridge ID  Priority    28772  (priority 28672 sys-id-ext 100)
             Address     5000.0002.0000
             Hello Time   2 sec  Max Age 20 sec  Forward Delay 15 sec
             Aging Time  15  sec

Interface           Role Sts Cost      Prio.Nbr Type
------------------- ---- --- --------- -------- --------------------------------
Gi0/0               Desg FWD 4         128.1    P2p 
Gi0/1               Desg FWD 4         128.2    P2p 
Gi0/2               Altn BLK 4         128.3    P2p 
Gi0/3               Root FWD 4         128.4    P2p 


sw2#show spanning-tree vlan 200

VLAN0200
  Spanning tree enabled protocol ieee
  Root ID    Priority    20680
             Address     5000.0003.0000
             Cost        4
             Port        4 (GigabitEthernet0/3)
             Hello Time   2 sec  Max Age 20 sec  Forward Delay 15 sec

  Bridge ID  Priority    28872  (priority 28672 sys-id-ext 200)
             Address     5000.0002.0000
             Hello Time   2 sec  Max Age 20 sec  Forward Delay 15 sec
             Aging Time  300 sec

Interface           Role Sts Cost      Prio.Nbr Type
------------------- ---- --- --------- -------- --------------------------------
Gi0/1               Desg FWD 4         128.2    P2p 
Gi0/2               Altn BLK 4         128.3    P2p 
Gi0/3               Root FWD 4         128.4    P2p 


sw2#wr
Building configuration...
Compressed configuration from 3326 bytes to 1598 bytes[OK]
sw2#
*Dec  8 20:45:37.795: %GRUB-5-CONFIG_WRITING: GRUB configuration is being updated on disk. Please wait...
*Dec  8 20:45:38.597: %GRUB-5-CONFIG_WRITTEN: GRUB configuration was written to disk successfully.Connection closed by foreign host.
spawn@mydebian:~$ telnet 192.168.1.14 32770


